Archive member included to satisfy reference by file (symbol)

/Applications/ArmGNUToolchain/13.2.Rel1/arm-none-eabi/bin/../lib/gcc/arm-none-eabi/13.2.1/../../../../arm-none-eabi/lib/thumb/v6-m/nofp/libc_nano.a(libc_a-exit.o)
                              /Applications/ArmGNUToolchain/13.2.Rel1/arm-none-eabi/bin/../lib/gcc/arm-none-eabi/13.2.1/../../../../arm-none-eabi/lib/thumb/v6-m/nofp/crt0.o (exit)
/Applications/ArmGNUToolchain/13.2.Rel1/arm-none-eabi/bin/../lib/gcc/arm-none-eabi/13.2.1/../../../../arm-none-eabi/lib/thumb/v6-m/nofp/libc_nano.a(libc_a-findfp.o)
                              /Applications/ArmGNUToolchain/13.2.Rel1/arm-none-eabi/bin/../lib/gcc/arm-none-eabi/13.2.1/../../../../arm-none-eabi/lib/thumb/v6-m/nofp/libc_nano.a(libc_a-exit.o) (__stdio_exit_handler)
/Applications/ArmGNUToolchain/13.2.Rel1/arm-none-eabi/bin/../lib/gcc/arm-none-eabi/13.2.1/../../../../arm-none-eabi/lib/thumb/v6-m/nofp/libc_nano.a(libc_a-fwalk.o)
                              /Applications/ArmGNUToolchain/13.2.Rel1/arm-none-eabi/bin/../lib/gcc/arm-none-eabi/13.2.1/../../../../arm-none-eabi/lib/thumb/v6-m/nofp/libc_nano.a(libc_a-findfp.o) (_fwalk_sglue)
/Applications/ArmGNUToolchain/13.2.Rel1/arm-none-eabi/bin/../lib/gcc/arm-none-eabi/13.2.1/../../../../arm-none-eabi/lib/thumb/v6-m/nofp/libc_nano.a(libc_a-memset.o)
                              /Applications/ArmGNUToolchain/13.2.Rel1/arm-none-eabi/bin/../lib/gcc/arm-none-eabi/13.2.1/../../../../arm-none-eabi/lib/thumb/v6-m/nofp/crt0.o (memset)
/Applications/ArmGNUToolchain/13.2.Rel1/arm-none-eabi/bin/../lib/gcc/arm-none-eabi/13.2.1/../../../../arm-none-eabi/lib/thumb/v6-m/nofp/libc_nano.a(libc_a-impure.o)
                              /Applications/ArmGNUToolchain/13.2.Rel1/arm-none-eabi/bin/../lib/gcc/arm-none-eabi/13.2.1/../../../../arm-none-eabi/lib/thumb/v6-m/nofp/libc_nano.a(libc_a-findfp.o) (_impure_data)
/Applications/ArmGNUToolchain/13.2.Rel1/arm-none-eabi/bin/../lib/gcc/arm-none-eabi/13.2.1/../../../../arm-none-eabi/lib/thumb/v6-m/nofp/libc_nano.a(libc_a-errno.o)
                              build/sysmem.o (__errno)
/Applications/ArmGNUToolchain/13.2.Rel1/arm-none-eabi/bin/../lib/gcc/arm-none-eabi/13.2.1/../../../../arm-none-eabi/lib/thumb/v6-m/nofp/libc_nano.a(libc_a-init.o)
                              /Applications/ArmGNUToolchain/13.2.Rel1/arm-none-eabi/bin/../lib/gcc/arm-none-eabi/13.2.1/../../../../arm-none-eabi/lib/thumb/v6-m/nofp/crt0.o (__libc_init_array)
/Applications/ArmGNUToolchain/13.2.Rel1/arm-none-eabi/bin/../lib/gcc/arm-none-eabi/13.2.1/../../../../arm-none-eabi/lib/thumb/v6-m/nofp/libc_nano.a(libc_a-lock.o)
                              /Applications/ArmGNUToolchain/13.2.Rel1/arm-none-eabi/bin/../lib/gcc/arm-none-eabi/13.2.1/../../../../arm-none-eabi/lib/thumb/v6-m/nofp/libc_nano.a(libc_a-findfp.o) (__retarget_lock_init_recursive)
/Applications/ArmGNUToolchain/13.2.Rel1/arm-none-eabi/bin/../lib/gcc/arm-none-eabi/13.2.1/../../../../arm-none-eabi/lib/thumb/v6-m/nofp/libc_nano.a(libc_a-memcpy-stub.o)
                              build/queue.o (memcpy)
/Applications/ArmGNUToolchain/13.2.Rel1/arm-none-eabi/bin/../lib/gcc/arm-none-eabi/13.2.1/../../../../arm-none-eabi/lib/thumb/v6-m/nofp/libc_nano.a(libc_a-strlen.o)
                              build/uartParser.o (strlen)
/Applications/ArmGNUToolchain/13.2.Rel1/arm-none-eabi/bin/../lib/gcc/arm-none-eabi/13.2.1/../../../../arm-none-eabi/lib/thumb/v6-m/nofp/libc_nano.a(libc_a-strcmp.o)
                              build/uartParser.o (strcmp)
/Applications/ArmGNUToolchain/13.2.Rel1/arm-none-eabi/bin/../lib/gcc/arm-none-eabi/13.2.1/../../../../arm-none-eabi/lib/thumb/v6-m/nofp/libc_nano.a(libc_a-mallocr.o)
                              /Applications/ArmGNUToolchain/13.2.Rel1/arm-none-eabi/bin/../lib/gcc/arm-none-eabi/13.2.1/../../../../arm-none-eabi/lib/thumb/v6-m/nofp/libc_nano.a(libc_a-findfp.o) (_malloc_r)
/Applications/ArmGNUToolchain/13.2.Rel1/arm-none-eabi/bin/../lib/gcc/arm-none-eabi/13.2.1/../../../../arm-none-eabi/lib/thumb/v6-m/nofp/libc_nano.a(libc_a-fflush.o)
                              /Applications/ArmGNUToolchain/13.2.Rel1/arm-none-eabi/bin/../lib/gcc/arm-none-eabi/13.2.1/../../../../arm-none-eabi/lib/thumb/v6-m/nofp/libc_nano.a(libc_a-findfp.o) (_fflush_r)
/Applications/ArmGNUToolchain/13.2.Rel1/arm-none-eabi/bin/../lib/gcc/arm-none-eabi/13.2.1/../../../../arm-none-eabi/lib/thumb/v6-m/nofp/libc_nano.a(libc_a-mlock.o)
                              /Applications/ArmGNUToolchain/13.2.Rel1/arm-none-eabi/bin/../lib/gcc/arm-none-eabi/13.2.1/../../../../arm-none-eabi/lib/thumb/v6-m/nofp/libc_nano.a(libc_a-mallocr.o) (__malloc_lock)
/Applications/ArmGNUToolchain/13.2.Rel1/arm-none-eabi/bin/../lib/gcc/arm-none-eabi/13.2.1/../../../../arm-none-eabi/lib/thumb/v6-m/nofp/libc_nano.a(libc_a-stdio.o)
[...]
Memory Configuration

Name             Origin             Length             Attributes
RAM              0x20000000         0x00004000         xrw
FLASH            0x08000000         0x00020000         xr
*default*        0x00000000         0xffffffff

Linker script and memory map

LOAD /Applications/ArmGNUToolchain/13.2.Rel1/arm-none-eabi/bin/../lib/gcc/arm-none-eabi/13.2.1/thumb/v6-m/nofp/crti.o
LOAD /Applications/ArmGNUToolchain/13.2.Rel1/arm-none-eabi/bin/../lib/gcc/arm-none-eabi/13.2.1/thumb/v6-m/nofp/crtbegin.o
LOAD /Applications/ArmGNUToolchain/13.2.Rel1/arm-none-eabi/bin/../lib/gcc/arm-none-eabi/13.2.1/../../../../arm-none-eabi/lib/thumb/v6-m/nofp/crt0.o
LOAD build/main.o
LOAD build/cmdQueue.o
LOAD build/uartParser.o
LOAD build/freertos.o
LOAD build/stm32f0xx_it.o
LOAD build/stm32f0xx_hal_msp.o
LOAD build/stm32f0xx_hal_timebase_tim.o
LOAD build/stm32f0xx_ll_usb.o
LOAD build/stm32f0xx_hal_rcc.o
LOAD build/stm32f0xx_hal_rcc_ex.o
LOAD build/stm32f0xx_hal.o
LOAD build/stm32f0xx_hal_i2c.o
LOAD build/stm32f0xx_hal_i2c_ex.o
LOAD build/stm32f0xx_hal_gpio.o
LOAD build/stm32f0xx_hal_dma.o
LOAD build/stm32f0xx_hal_cortex.o
LOAD build/stm32f0xx_hal_pwr.o
LOAD build/stm32f0xx_hal_pwr_ex.o
LOAD build/stm32f0xx_hal_flash.o
LOAD build/stm32f0xx_hal_flash_ex.o
LOAD build/stm32f0xx_hal_exti.o
LOAD build/stm32f0xx_hal_spi.o
LOAD build/stm32f0xx_hal_spi_ex.o
LOAD build/stm32f0xx_hal_tim.o
LOAD build/stm32f0xx_hal_tim_ex.o
LOAD build/stm32f0xx_hal_tsc.o
LOAD build/stm32f0xx_hal_pcd.o
LOAD build/stm32f0xx_hal_pcd_ex.o
LOAD build/system_stm32f0xx.o
LOAD build/croutine.o
LOAD build/event_groups.o
LOAD build/list.o
LOAD build/queue.o
LOAD build/stream_buffer.o
LOAD build/tasks.o
LOAD build/timers.o
LOAD build/cmsis_os2.o
LOAD build/heap_4.o
LOAD build/port.o
LOAD build/sysmem.o
LOAD build/syscalls.o
LOAD build/startup_stm32f072xb.o
LOAD /Applications/ArmGNUToolchain/13.2.Rel1/arm-none-eabi/bin/../lib/gcc/arm-none-eabi/13.2.1/../../../../arm-none-eabi/lib/thumb/v6-m/nofp/libc_nano.a
LOAD /Applications/ArmGNUToolchain/13.2.Rel1/arm-none-eabi/bin/../lib/gcc/arm-none-eabi/13.2.1/../../../../arm-none-eabi/lib/thumb/v6-m/nofp/libm.a
LOAD /Applications/ArmGNUToolchain/13.2.Rel1/arm-none-eabi/bin/../lib/gcc/arm-none-eabi/13.2.1/../../../../arm-none-eabi/lib/thumb/v6-m/nofp/libnosys.a
START GROUP
LOAD /Applications/ArmGNUToolchain/13.2.Rel1/arm-none-eabi/bin/../lib/gcc/arm-none-eabi/13.2.1/thumb/v6-m/nofp/libgcc.a
LOAD /Applications/ArmGNUToolchain/13.2.Rel1/arm-none-eabi/bin/../lib/gcc/arm-none-eabi/13.2.1/../../../../arm-none-eabi/lib/thumb/v6-m/nofp/libc_nano.a
END GROUP
START GROUP
LOAD /Applications/ArmGNUToolchain/13.2.Rel1/arm-none-eabi/bin/../lib/gcc/arm-none-eabi/13.2.1/thumb/v6-m/nofp/libgcc.a
LOAD /Applications/ArmGNUToolchain/13.2.Rel1/arm-none-eabi/bin/../lib/gcc/arm-none-eabi/13.2.1/../../../../arm-none-eabi/lib/thumb/v6-m/nofp/libc_nano.a
END GROUP
LOAD /Applications/ArmGNUToolchain/13.2.Rel1/arm-none-eabi/bin/../lib/gcc/arm-none-eabi/13.2.1/thumb/v6-m/nofp/crtend.o
LOAD /Applications/ArmGNUToolchain/13.2.Rel1/arm-none-eabi/bin/../lib/gcc/arm-none-eabi/13.2.1/thumb/v6-m/nofp/crtn.o
                0x20004000                        _estack = (ORIGIN (RAM) + LENGTH (RAM))
                0x00000200                        _Min_Heap_Size = 0x200
                0x00000400                        _Min_Stack_Size = 0x400

.isr_vector     0x08000000       0xc0
                0x08000000                        . = ALIGN (0x4)
 *(.isr_vector)
 .isr_vector    0x08000000       0xc0 build/startup_stm32f072xb.o
                0x08000000                g_pfnVectors
                0x080000c0                        . = ALIGN (0x4)

.text           0x080000c0     0x4540
                0x080000c0                        . = ALIGN (0x4)
 *(.text)
 .text          0x080000c0        0xe /Applications/ArmGNUToolchain/13.2.Rel1/arm-none-eabi/bin/../lib/gcc/arm-none-eabi/13.2.1/../../../../arm-none-eabi/lib/thumb/v6-m/nofp/libc_nano.a(libc_a-strlen.o)
                0x080000c0                strlen
 .text          0x080000ce       0x14 /Applications/ArmGNUToolchain/13.2.Rel1/arm-none-eabi/bin/../lib/gcc/arm-none-eabi/13.2.1/../../../../arm-none-eabi/lib/thumb/v6-m/nofp/libc_nano.a(libc_a-strcmp.o)
                0x080000ce                strcmp
 *fill*         0x080000e2        0x2 
 .text          0x080000e4      0x114 /Applications/ArmGNUToolchain/13.2.Rel1/arm-none-eabi/bin/../lib/gcc/arm-none-eabi/13.2.1/thumb/v6-m/nofp/libgcc.a(_udivsi3.o)
                0x080000e4                __udivsi3
                0x080000e4                __aeabi_uidiv
                0x080001f0                __aeabi_uidivmod
 .text          0x080001f8      0x1d4 /Applications/ArmGNUToolchain/13.2.Rel1/arm-none-eabi/bin/../lib/gcc/arm-none-eabi/13.2.1/thumb/v6-m/nofp/libgcc.a(_divsi3.o)
                0x080001f8                __aeabi_idiv
                0x080001f8                __divsi3
                0x080003c4                __aeabi_idivmod
 .text          0x080003cc        0x4 /Applications/ArmGNUToolchain/13.2.Rel1/arm-none-eabi/bin/../lib/gcc/arm-none-eabi/13.2.1/thumb/v6-m/nofp/libgcc.a(_dvmd_tls.o)
                0x080003cc                __aeabi_ldiv0
                0x080003cc                __aeabi_idiv0
 *(.text*)
 .text.deregister_tm_clones
                0x080003d0       0x20 /Applications/ArmGNUToolchain/13.2.Rel1/arm-none-eabi/bin/../lib/gcc/arm-none-eabi/13.2.1/thumb/v6-m/nofp/crtbegin.o
 .text.register_tm_clones
                0x080003f0       0x28 /Applications/ArmGNUToolchain/13.2.Rel1/arm-none-eabi/bin/../lib/gcc/arm-none-eabi/13.2.1/thumb/v6-m/nofp/crtbegin.o
 .text.__do_global_dtors_aux
                0x08000418       0x2c /Applications/ArmGNUToolchain/13.2.Rel1/arm-none-eabi/bin/../lib/gcc/arm-none-eabi/13.2.1/thumb/v6-m/nofp/crtbegin.o
 .text.frame_dummy
                0x08000444       0x24 /Applications/ArmGNUToolchain/13.2.Rel1/arm-none-eabi/bin/../lib/gcc/arm-none-eabi/13.2.1/thumb/v6-m/nofp/crtbegin.o
 .text.MX_GPIO_Init
                0x08000468       0x9c build/main.o
 .text.StartRouterTask
                0x08000504       0x4c build/main.o
                0x08000504                StartRouterTask
 .text.StartLEDTask
                0x08000550      0x114 build/main.o
                0x08000550                StartLEDTask
 .text.initLEDs
                0x08000664       0xe0 build/main.o
                0x08000664                initLEDs
 .text.HAL_TIM_PeriodElapsedCallback
                0x08000744       0x18 build/main.o
                0x08000744                HAL_TIM_PeriodElapsedCallback
 .text.Error_Handler
                0x0800075c        0x4 build/main.o
                0x0800075c                Error_Handler
 .text.MX_I2C2_Init
                0x08000760       0x58 build/main.o
 .text.MX_SPI2_Init
                0x080007b8       0x4c build/main.o
 .text.MX_TSC_Init
                0x08000804       0x58 build/main.o
 .text.MX_USB_PCD_Init
                0x0800085c       0x30 build/main.o
 .text.SystemClock_Config
                0x0800088c       0x88 build/main.o
                0x0800088c                SystemClock_Config
 .text.main     0x08000914       0x80 build/main.o
                0x08000914                main
 .text.createQueue
                0x08000994       0x44 build/cmdQueue.o
                0x08000994                createQueue
 .text.isQueueEmpty
                0x080009d8       0x28 build/cmdQueue.o
                0x080009d8                isQueueEmpty
 .text.queuePush
                0x08000a00       0x60 build/cmdQueue.o
                0x08000a00                queuePush
 .text.queuePop
                0x08000a60       0x60 build/cmdQueue.o
                0x08000a60                queuePop
 .text.convertSpeed
                0x08000ac0       0x7e build/uartParser.o
                0x08000ac0                convertSpeed
 *fill*         0x08000b3e        0x2 
 .text.transmitOneChar
                0x08000b40       0x14 build/uartParser.o
                0x08000b40                transmitOneChar
 .text.transmitCharArray
                0x08000b54       0x20 build/uartParser.o
                0x08000b54                transmitCharArray
 .text.sendUint16BinToUart
                0x08000b74       0x2c build/uartParser.o
                0x08000b74                sendUint16BinToUart
 .text.parseCmd
                0x08000ba0      0x2e0 build/uartParser.o
                0x08000ba0                parseCmd
 .text.StartParseUartTask
                0x08000e80      0x15c build/uartParser.o
                0x08000e80                StartParseUartTask
 .text.initUsart3
                0x08000fdc       0xec build/uartParser.o
                0x08000fdc                initUsart3
 .text.USART3_4_IRQHandler
                0x080010c8       0x80 build/uartParser.o
                0x080010c8                USART3_4_IRQHandler
 .text.NMI_Handler
                0x08001148        0x2 build/stm32f0xx_it.o
                0x08001148                NMI_Handler
 .text.HardFault_Handler
                0x0800114a        0x2 build/stm32f0xx_it.o
                0x0800114a                HardFault_Handler
 .text.TIM6_DAC_IRQHandler
                0x0800114c       0x10 build/stm32f0xx_it.o
                0x0800114c                TIM6_DAC_IRQHandler
 .text.HAL_MspInit
                0x0800115c       0x3c build/stm32f0xx_hal_msp.o
                0x0800115c                HAL_MspInit
 .text.HAL_I2C_MspInit
                0x08001198       0x6c build/stm32f0xx_hal_msp.o
                0x08001198                HAL_I2C_MspInit
 .text.HAL_SPI_MspInit
                0x08001204       0x68 build/stm32f0xx_hal_msp.o
                0x08001204                HAL_SPI_MspInit
 .text.HAL_TSC_MspInit
                0x0800126c       0xc8 build/stm32f0xx_hal_msp.o
                0x0800126c                HAL_TSC_MspInit
 .text.HAL_PCD_MspInit
                0x08001334       0x2c build/stm32f0xx_hal_msp.o
                0x08001334                HAL_PCD_MspInit
 .text.HAL_InitTick
                0x08001360       0xa0 build/stm32f0xx_hal_timebase_tim.o
                0x08001360                HAL_InitTick
 .text.USB_DisableGlobalInt
                0x08001400       0x14 build/stm32f0xx_ll_usb.o
                0x08001400                USB_DisableGlobalInt
 .text.USB_DevInit
                0x08001414       0x20 build/stm32f0xx_ll_usb.o
                0x08001414                USB_DevInit
 .text.HAL_RCC_OscConfig
                0x08001434      0x544 build/stm32f0xx_hal_rcc.o
                0x08001434                HAL_RCC_OscConfig
 .text.HAL_RCC_GetSysClockFreq
                0x08001978       0x78 build/stm32f0xx_hal_rcc.o
                0x08001978                HAL_RCC_GetSysClockFreq
 .text.HAL_RCC_ClockConfig
                0x080019f0      0x144 build/stm32f0xx_hal_rcc.o
                0x080019f0                HAL_RCC_ClockConfig
 .text.HAL_RCC_GetHCLKFreq
                0x08001b34        0xc build/stm32f0xx_hal_rcc.o
                0x08001b34                HAL_RCC_GetHCLKFreq
 .text.HAL_RCC_GetPCLK1Freq
                0x08001b40       0x20 build/stm32f0xx_hal_rcc.o
                0x08001b40                HAL_RCC_GetPCLK1Freq
 .text.HAL_RCC_GetClockConfig
                0x08001b60       0x38 build/stm32f0xx_hal_rcc.o
                0x08001b60                HAL_RCC_GetClockConfig
 .text.HAL_RCCEx_PeriphCLKConfig
                0x08001b98      0x160 build/stm32f0xx_hal_rcc_ex.o
                0x08001b98                HAL_RCCEx_PeriphCLKConfig
 .text.HAL_Init
                0x08001cf8       0x20 build/stm32f0xx_hal.o
                0x08001cf8                HAL_Init
 .text.HAL_IncTick
                0x08001d18       0x18 build/stm32f0xx_hal.o
                0x08001d18                HAL_IncTick
 .text.HAL_GetTick
                0x08001d30        0xc build/stm32f0xx_hal.o
                0x08001d30                HAL_GetTick
 .text.HAL_I2C_Init
                0x08001d3c       0xcc build/stm32f0xx_hal_i2c.o
                0x08001d3c                HAL_I2C_Init
 .text.HAL_I2CEx_ConfigAnalogFilter
                0x08001e08       0x58 build/stm32f0xx_hal_i2c_ex.o
                0x08001e08                HAL_I2CEx_ConfigAnalogFilter
 .text.HAL_I2CEx_ConfigDigitalFilter
                0x08001e60       0x54 build/stm32f0xx_hal_i2c_ex.o
                0x08001e60                HAL_I2CEx_ConfigDigitalFilter
 .text.HAL_GPIO_Init
                0x08001eb4      0x198 build/stm32f0xx_hal_gpio.o
                0x08001eb4                HAL_GPIO_Init
 .text.HAL_GPIO_WritePin
                0x0800204c        0xc build/stm32f0xx_hal_gpio.o
                0x0800204c                HAL_GPIO_WritePin
 .text.__NVIC_SetPriority
                0x08002058       0x60 build/stm32f0xx_hal_cortex.o
 .text.HAL_NVIC_SetPriority
                0x080020b8        0x8 build/stm32f0xx_hal_cortex.o
                0x080020b8                HAL_NVIC_SetPriority
 .text.HAL_NVIC_EnableIRQ
                0x080020c0       0x18 build/stm32f0xx_hal_cortex.o
                0x080020c0                HAL_NVIC_EnableIRQ
 .text.HAL_SPI_Init
                0x080020d8      0x104 build/stm32f0xx_hal_spi.o
                0x080020d8                HAL_SPI_Init
 .text.HAL_TIM_Base_MspInit
                0x080021dc        0x2 build/stm32f0xx_hal_tim.o
                0x080021dc                HAL_TIM_Base_MspInit
 *fill*         0x080021de        0x2 
 .text.HAL_TIM_Base_Start_IT
                0x080021e0       0x6c build/stm32f0xx_hal_tim.o
                0x080021e0                HAL_TIM_Base_Start_IT
 .text.HAL_TIM_OC_DelayElapsedCallback
                0x0800224c        0x2 build/stm32f0xx_hal_tim.o
                0x0800224c                HAL_TIM_OC_DelayElapsedCallback
 .text.HAL_TIM_IC_CaptureCallback
                0x0800224e        0x2 build/stm32f0xx_hal_tim.o
                0x0800224e                HAL_TIM_IC_CaptureCallback
 .text.HAL_TIM_PWM_PulseFinishedCallback
                0x08002250        0x2 build/stm32f0xx_hal_tim.o
                0x08002250                HAL_TIM_PWM_PulseFinishedCallback
 .text.HAL_TIM_TriggerCallback
                0x08002252        0x2 build/stm32f0xx_hal_tim.o
                0x08002252                HAL_TIM_TriggerCallback
 .text.HAL_TIM_IRQHandler
                0x08002254      0x15a build/stm32f0xx_hal_tim.o
                0x08002254                HAL_TIM_IRQHandler
 *fill*         0x080023ae        0x2 
 .text.TIM_Base_SetConfig
                0x080023b0       0xa4 build/stm32f0xx_hal_tim.o
                0x080023b0                TIM_Base_SetConfig
 .text.HAL_TIM_Base_Init
                0x08002454       0x58 build/stm32f0xx_hal_tim.o
                0x08002454                HAL_TIM_Base_Init
 .text.HAL_TIMEx_CommutCallback
                0x080024ac        0x2 build/stm32f0xx_hal_tim_ex.o
                0x080024ac                HAL_TIMEx_CommutCallback
 .text.HAL_TIMEx_BreakCallback
                0x080024ae        0x2 build/stm32f0xx_hal_tim_ex.o
                0x080024ae                HAL_TIMEx_BreakCallback
 .text.TSC_extract_groups
                0x080024b0       0x24 build/stm32f0xx_hal_tsc.o
 .text.HAL_TSC_Init
                0x080024d4       0xa8 build/stm32f0xx_hal_tsc.o
                0x080024d4                HAL_TSC_Init
 .text.HAL_PCD_Init
                0x0800257c       0xe0 build/stm32f0xx_hal_pcd.o
                0x0800257c                HAL_PCD_Init
 .text.HAL_PCDEx_ActivateLPM
                0x0800265c       0x2a build/stm32f0xx_hal_pcd_ex.o
                0x0800265c                HAL_PCDEx_ActivateLPM
 .text.SystemInit
                0x08002686        0x2 build/system_stm32f0xx.o
                0x08002686                SystemInit
 .text.vListInitialise
                0x08002688       0x16 build/list.o
                0x08002688                vListInitialise
 .text.vListInitialiseItem
                0x0800269e        0x6 build/list.o
                0x0800269e                vListInitialiseItem
 .text.vListInsertEnd
                0x080026a4       0x16 build/list.o
                0x080026a4                vListInsertEnd
 .text.vListInsert
                0x080026ba       0x2e build/list.o
                0x080026ba                vListInsert
 .text.uxListRemove
                0x080026e8       0x26 build/list.o
                0x080026e8                uxListRemove
 .text.prvGetDisinheritPriorityAfterTimeout
                0x0800270e       0x12 build/queue.o
 .text.prvIsQueueFull
                0x08002720       0x1e build/queue.o
 .text.prvIsQueueEmpty
                0x0800273e       0x1c build/queue.o
 .text.prvCopyDataToQueue
                0x0800275a       0x7e build/queue.o
 .text.prvCopyDataFromQueue
                0x080027d8       0x24 build/queue.o
 .text.prvUnlockQueue
                0x080027fc       0x72 build/queue.o
 .text.xQueueGenericReset
                0x0800286e       0x6e build/queue.o
                0x0800286e                xQueueGenericReset
 .text.prvInitialiseNewQueue
                0x080028dc       0x22 build/queue.o
 .text.xQueueGenericCreateStatic
                0x080028fe       0x52 build/queue.o
                0x080028fe                xQueueGenericCreateStatic
 .text.xQueueGenericCreate
                0x08002950       0x44 build/queue.o
                0x08002950                xQueueGenericCreate
 .text.xQueueCreateCountingSemaphoreStatic
                0x08002994       0x2e build/queue.o
                0x08002994                xQueueCreateCountingSemaphoreStatic
 .text.xQueueCreateCountingSemaphore
                0x080029c2       0x24 build/queue.o
                0x080029c2                xQueueCreateCountingSemaphore
 .text.xQueueGenericSend
                0x080029e6      0x124 build/queue.o
                0x080029e6                xQueueGenericSend
 .text.xQueueGenericSendFromISR
                0x08002b0a       0xaa build/queue.o
                0x08002b0a                xQueueGenericSendFromISR
 .text.xQueueGiveFromISR
                0x08002bb4       0x86 build/queue.o
                0x08002bb4                xQueueGiveFromISR
 .text.xQueueReceive
                0x08002c3a      0x116 build/queue.o
                0x08002c3a                xQueueReceive
 .text.xQueueSemaphoreTake
                0x08002d50      0x156 build/queue.o
                0x08002d50                xQueueSemaphoreTake
 .text.xQueueReceiveFromISR
                0x08002ea6       0x96 build/queue.o
                0x08002ea6                xQueueReceiveFromISR
 .text.vQueueAddToRegistry
                0x08002f3c       0x24 build/queue.o
                0x08002f3c                vQueueAddToRegistry
 .text.vQueueUnregisterQueue
                0x08002f60       0x28 build/queue.o
                0x08002f60                vQueueUnregisterQueue
 .text.vQueueDelete
                0x08002f88       0x20 build/queue.o
                0x08002f88                vQueueDelete
 .text.vQueueWaitForMessageRestricted
                0x08002fa8       0x50 build/queue.o
                0x08002fa8                vQueueWaitForMessageRestricted
 .text.prvResetNextTaskUnblockTime
                0x08002ff8       0x2c build/tasks.o
 .text.prvInitialiseNewTask
                0x08003024       0x9c build/tasks.o
 .text.prvInitialiseTaskLists
                0x080030c0       0x68 build/tasks.o
 .text.prvAddNewTaskToReadyList
                0x08003128       0xa4 build/tasks.o
 .text.prvDeleteTCB
                0x080031cc       0x2c build/tasks.o
 .text.prvCheckTasksWaitingTermination
                0x080031f8       0x44 build/tasks.o
 .text.prvIdleTask
                0x0800323c       0x18 build/tasks.o
 .text.prvAddCurrentTaskToDelayedList
                0x08003254       0x7c build/tasks.o
 .text.xTaskCreateStatic
                0x080032d0       0x52 build/tasks.o
                0x080032d0                xTaskCreateStatic
 .text.xTaskCreate
                0x08003322       0x5e build/tasks.o
                0x08003322                xTaskCreate
 .text.vTaskStartScheduler
                0x08003380       0x7c build/tasks.o
                0x08003380                vTaskStartScheduler
 .text.vTaskSuspendAll
                0x080033fc       0x10 build/tasks.o
                0x080033fc                vTaskSuspendAll
 .text.xTaskGetTickCount
                0x0800340c        0xc build/tasks.o
                0x0800340c                xTaskGetTickCount
 .text.xTaskIncrementTick
                0x08003418      0x114 build/tasks.o
                0x08003418                xTaskIncrementTick
 .text.xTaskResumeAll
                0x0800352c       0xe8 build/tasks.o
                0x0800352c                xTaskResumeAll
 .text.vTaskDelay
                0x08003614       0x30 build/tasks.o
                0x08003614                vTaskDelay
 .text.vTaskSwitchContext
                0x08003644       0x90 build/tasks.o
                0x08003644                vTaskSwitchContext
 .text.vTaskPlaceOnEventList
                0x080036d4       0x24 build/tasks.o
                0x080036d4                vTaskPlaceOnEventList
 .text.vTaskPlaceOnEventListRestricted
                0x080036f8       0x30 build/tasks.o
                0x080036f8                vTaskPlaceOnEventListRestricted
 .text.xTaskRemoveFromEventList
                0x08003728       0x84 build/tasks.o
                0x08003728                xTaskRemoveFromEventList
 .text.vTaskInternalSetTimeOutState
                0x080037ac       0x18 build/tasks.o
                0x080037ac                vTaskInternalSetTimeOutState
 .text.xTaskCheckForTimeOut
                0x080037c4       0x68 build/tasks.o
                0x080037c4                xTaskCheckForTimeOut
 .text.vTaskMissedYield
                0x0800382c        0xc build/tasks.o
                0x0800382c                vTaskMissedYield
 .text.xTaskGetSchedulerState
                0x08003838       0x24 build/tasks.o
                0x08003838                xTaskGetSchedulerState
 .text.xTaskPriorityInherit
                0x0800385c       0x98 build/tasks.o
                0x0800385c                xTaskPriorityInherit
 .text.xTaskPriorityDisinherit
                0x080038f4       0x78 build/tasks.o
                0x080038f4                xTaskPriorityDisinherit
 .text.vTaskPriorityDisinheritAfterTimeout
                0x0800396c       0x84 build/tasks.o
                0x0800396c                vTaskPriorityDisinheritAfterTimeout
 .text.pvTaskIncrementMutexHeldCount
                0x080039f0       0x1c build/tasks.o
                0x080039f0                pvTaskIncrementMutexHeldCount
 .text.prvGetNextExpireTime
                0x08003a0c       0x20 build/timers.o
 .text.prvInsertTimerInActiveList
                0x08003a2c       0x48 build/timers.o
 .text.prvCheckForValidListAndQueue
                0x08003a74       0x70 build/timers.o
 .text.xTimerCreateTimerTask
                0x08003ae4       0x5c build/timers.o
                0x08003ae4                xTimerCreateTimerTask
 .text.xTimerGenericCommand
                0x08003b40       0x60 build/timers.o
                0x08003b40                xTimerGenericCommand
 .text.prvSwitchTimerLists
                0x08003ba0       0x6c build/timers.o
 .text.prvSampleTimeNow
                0x08003c0c       0x2c build/timers.o
 .text.prvProcessExpiredTimer
                0x08003c38       0x54 build/timers.o
 .text.prvProcessTimerOrBlockTask
                0x08003c8c       0x68 build/timers.o
 .text.prvProcessReceivedCommands
                0x08003cf4       0xbc build/timers.o
 .text.prvTimerTask
                0x08003db0       0x16 build/timers.o
 *fill*         0x08003dc6        0x2 
 .text.osKernelInitialize
                0x08003dc8       0x3c build/cmsis_os2.o
                0x08003dc8                osKernelInitialize
 .text.osKernelStart
                0x08003e04       0x48 build/cmsis_os2.o
                0x08003e04                osKernelStart
 .text.osThreadNew
                0x08003e4c      0x100 build/cmsis_os2.o
                0x08003e4c                osThreadNew
 .text.osDelay  0x08003f4c       0x3c build/cmsis_os2.o
                0x08003f4c                osDelay
 .text.osSemaphoreNew
                0x08003f88       0xdc build/cmsis_os2.o
                0x08003f88                osSemaphoreNew
 .text.osSemaphoreAcquire
                0x08004064       0x84 build/cmsis_os2.o
                0x08004064                osSemaphoreAcquire
 .text.osSemaphoreRelease
                0x080040e8       0x70 build/cmsis_os2.o
                0x080040e8                osSemaphoreRelease
 .text.vApplicationGetIdleTaskMemory
                0x08004158       0x18 build/cmsis_os2.o
                0x08004158                vApplicationGetIdleTaskMemory
 .text.vApplicationGetTimerTaskMemory
                0x08004170       0x18 build/cmsis_os2.o
                0x08004170                vApplicationGetTimerTaskMemory
 .text.prvHeapInit
                0x08004188       0x64 build/heap_4.o
 .text.prvInsertBlockIntoFreeList
                0x080041ec       0x54 build/heap_4.o
 .text.pvPortMalloc
                0x08004240       0xd8 build/heap_4.o
                0x08004240                pvPortMalloc
 .text.vPortFree
                0x08004318       0x50 build/heap_4.o
                0x08004318                vPortFree
 .text.prvTaskExitError
                0x08004368       0x24 build/port.o
 *fill*         0x0800438c        0x4 
 .text.vPortStartFirstTask
                0x08004390       0x34 build/port.o
 .text.prvSetupTimerInterrupt
                0x080043c4       0x34 build/port.o
 .text.pxPortInitialiseStack
                0x080043f8       0x24 build/port.o
                0x080043f8                pxPortInitialiseStack
 .text.SVC_Handler
                0x0800441c        0x2 build/port.o
                0x0800441c                SVC_Handler
 *fill*         0x0800441e        0x2 
 .text.xPortStartScheduler
                0x08004420       0x3c build/port.o
                0x08004420                xPortStartScheduler
 .text.vPortYield
                0x0800445c       0x18 build/port.o
                0x0800445c                vPortYield
 .text.vPortEnterCritical
                0x08004474       0x18 build/port.o
                0x08004474                vPortEnterCritical
 .text.vPortExitCritical
                0x0800448c       0x20 build/port.o
                0x0800448c                vPortExitCritical
 .text.ulSetInterruptMaskFromISR
                0x080044ac        0x8 build/port.o
                0x080044ac                ulSetInterruptMaskFromISR
 .text.vClearInterruptMaskFromISR
                0x080044b4        0x6 build/port.o
                0x080044b4                vClearInterruptMaskFromISR
 *fill*         0x080044ba        0x6 
 .text.PendSV_Handler
                0x080044c0       0x44 build/port.o
                0x080044c0                PendSV_Handler
 .text.SysTick_Handler
                0x08004504       0x24 build/port.o
                0x08004504                SysTick_Handler
 .text.Reset_Handler
                0x08004528       0x50 build/startup_stm32f072xb.o
                0x08004528                Reset_Handler
 .text.Default_Handler
                0x08004578        0x2 build/startup_stm32f072xb.o
                0x08004578                TIM1_BRK_UP_TRG_COM_IRQHandler
                0x08004578                TSC_IRQHandler
                0x08004578                ADC1_COMP_IRQHandler
                0x08004578                I2C1_IRQHandler
                0x08004578                RCC_CRS_IRQHandler
                0x08004578                SPI1_IRQHandler
                0x08004578                EXTI2_3_IRQHandler
                0x08004578                I2C2_IRQHandler
                0x08004578                TIM17_IRQHandler
                0x08004578                CEC_CAN_IRQHandler
                0x08004578                RTC_IRQHandler
                0x08004578                PVD_VDDIO2_IRQHandler
                0x08004578                DMA1_Channel4_5_6_7_IRQHandler
                0x08004578                TIM16_IRQHandler
                0x08004578                TIM3_IRQHandler
                0x08004578                EXTI4_15_IRQHandler
                0x08004578                DMA1_Channel1_IRQHandler
                0x08004578                Default_Handler
                0x08004578                TIM14_IRQHandler
                0x08004578                TIM7_IRQHandler
                0x08004578                TIM15_IRQHandler
                0x08004578                EXTI0_1_IRQHandler
                0x08004578                USB_IRQHandler
                0x08004578                SPI2_IRQHandler
                0x08004578                WWDG_IRQHandler
                0x08004578                TIM2_IRQHandler
                0x08004578                DMA1_Channel2_3_IRQHandler
                0x08004578                USART2_IRQHandler
                0x08004578                FLASH_IRQHandler
                0x08004578                USART1_IRQHandler
                0x08004578                TIM1_CC_IRQHandler
 .text.memset   0x0800457a       0x10 /Applications/ArmGNUToolchain/13.2.Rel1/arm-none-eabi/bin/../lib/gcc/arm-none-eabi/13.2.1/../../../../arm-none-eabi/lib/thumb/v6-m/nofp/libc_nano.a(libc_a-memset.o)
                0x0800457a                memset
 *fill*         0x0800458a        0x2 
 .text.__libc_init_array
                0x0800458c       0x48 /Applications/ArmGNUToolchain/13.2.Rel1/arm-none-eabi/bin/../lib/gcc/arm-none-eabi/13.2.1/../../../../arm-none-eabi/lib/thumb/v6-m/nofp/libc_nano.a(libc_a-init.o)
                0x0800458c                __libc_init_array
 .text.memcpy   0x080045d4       0x12 /Applications/ArmGNUToolchain/13.2.Rel1/arm-none-eabi/bin/../lib/gcc/arm-none-eabi/13.2.1/../../../../arm-none-eabi/lib/thumb/v6-m/nofp/libc_nano.a(libc_a-memcpy-stub.o)
                0x080045d4                memcpy
 *(.glue_7)
 .glue_7        0x080045e6        0x0 linker stubs
 *(.glue_7t)
 .glue_7t       0x080045e6        0x0 linker stubs
 *(.eh_frame)
 *fill*         0x080045e6        0x2 
 .eh_frame      0x080045e8        0x0 /Applications/ArmGNUToolchain/13.2.Rel1/arm-none-eabi/bin/../lib/gcc/arm-none-eabi/13.2.1/thumb/v6-m/nofp/crtbegin.o
 *(.init)
 .init          0x080045e8        0x4 /Applications/ArmGNUToolchain/13.2.Rel1/arm-none-eabi/bin/../lib/gcc/arm-none-eabi/13.2.1/thumb/v6-m/nofp/crti.o
                0x080045e8                _init
 .init          0x080045ec        0x8 /Applications/ArmGNUToolchain/13.2.Rel1/arm-none-eabi/bin/../lib/gcc/arm-none-eabi/13.2.1/thumb/v6-m/nofp/crtn.o
 *(.fini)
 .fini          0x080045f4        0x4 /Applications/ArmGNUToolchain/13.2.Rel1/arm-none-eabi/bin/../lib/gcc/arm-none-eabi/13.2.1/thumb/v6-m/nofp/crti.o
                0x080045f4                _fini
 .fini          0x080045f8        0x8 /Applications/ArmGNUToolchain/13.2.Rel1/arm-none-eabi/bin/../lib/gcc/arm-none-eabi/13.2.1/thumb/v6-m/nofp/crtn.o
                0x08004600                        . = ALIGN (0x4)
                0x08004600                        _etext = .

.vfp11_veneer   0x08004600        0x0
 .vfp11_veneer  0x08004600        0x0 linker stubs

.v4_bx          0x08004600        0x0
 .v4_bx         0x08004600        0x0 linker stubs

.iplt           0x08004600        0x0
 .iplt          0x08004600        0x0 /Applications/ArmGNUToolchain/13.2.Rel1/arm-none-eabi/bin/../lib/gcc/arm-none-eabi/13.2.1/thumb/v6-m/nofp/crtbegin.o

.rodata         0x08004600      0x254
                0x08004600                        . = ALIGN (0x4)
 *(.rodata)
 *(.rodata*)
 .rodata.str1.4
                0x08004600      0x178 build/main.o
                                 0x13 (size before relaxing)
 .rodata.LEDTask_attributes
                0x08004778       0x24 build/main.o
                0x08004778                LEDTask_attributes
 .rodata.routerTask_attributes
                0x0800479c       0x24 build/main.o
                0x0800479c                routerTask_attributes
 .rodata.parseCmd.str1.4
                0x080047c0       0x8b build/uartParser.o
 .rodata.StartParseUartTask.str1.4
                0x080047c0       0x79 build/uartParser.o
 .rodata.initUsart3.str1.4
                0x080047c0        0xd build/uartParser.o
 .rodata.USART3_4_IRQHandler.str1.4
                0x080047c0       0x1a build/uartParser.o
 .rodata.str1.4
                0x080047c0       0x16 build/uartParser.o
 .rodata.UARTTask_attributes
                0x080047c0       0x24 build/uartParser.o
                0x080047c0                UARTTask_attributes
 .rodata.semAttr_SEM1
                0x080047e4       0x10 build/uartParser.o
 .rodata.aPredivFactorTable.0
                0x080047f4       0x10 build/stm32f0xx_hal_rcc.o
 .rodata.aPLLMULFactorTable.1
                0x08004804       0x10 build/stm32f0xx_hal_rcc.o
 .rodata.APBPrescTable
                0x08004814        0x8 build/system_stm32f0xx.o
                0x08004814                APBPrescTable
 .rodata.AHBPrescTable
                0x0800481c       0x10 build/system_stm32f0xx.o
                0x0800481c                AHBPrescTable
 .rodata.vTaskStartScheduler.str1.4
                0x0800482c        0x5 build/tasks.o
 .rodata.prvCheckForValidListAndQueue.str1.4
                0x0800482c        0x5 build/timers.o
 .rodata.xTimerCreateTimerTask.str1.4
                0x0800482c        0x8 build/timers.o
 .rodata.prvProcessReceivedCommands
                0x0800482c       0x28 build/timers.o
                0x08004854                        . = ALIGN (0x4)

.rel.dyn        0x08004854        0x0
 .rel.iplt      0x08004854        0x0 /Applications/ArmGNUToolchain/13.2.Rel1/arm-none-eabi/bin/../lib/gcc/arm-none-eabi/13.2.1/thumb/v6-m/nofp/crtbegin.o

.ARM.extab
 *(.ARM.extab* .gnu.linkonce.armextab.*)

.ARM            0x08004854        0x0
                0x08004854                        __exidx_start = .
 *(.ARM.exidx*)
                0x08004854                        __exidx_end = .

.preinit_array  0x08004854        0x0
                0x08004854                        PROVIDE (__preinit_array_start = .)
 *(.preinit_array*)
                0x08004854                        PROVIDE (__preinit_array_end = .)

.init_array     0x08004854        0x4
                0x08004854                        PROVIDE (__init_array_start = .)
 *(SORT_BY_NAME(.init_array.*))
 *(.init_array*)
 .init_array    0x08004854        0x4 /Applications/ArmGNUToolchain/13.2.Rel1/arm-none-eabi/bin/../lib/gcc/arm-none-eabi/13.2.1/thumb/v6-m/nofp/crtbegin.o
                0x08004858                        PROVIDE (__init_array_end = .)

.fini_array     0x08004858        0x4
                [!provide]                        PROVIDE (__fini_array_start = .)
 *(SORT_BY_NAME(.fini_array.*))
 *(.fini_array*)
 .fini_array    0x08004858        0x4 /Applications/ArmGNUToolchain/13.2.Rel1/arm-none-eabi/bin/../lib/gcc/arm-none-eabi/13.2.1/thumb/v6-m/nofp/crtbegin.o
                [!provide]                        PROVIDE (__fini_array_end = .)
                0x0800485c                        _sidata = LOADADDR (.data)

.data           0x20000000       0x10 load address 0x0800485c
                0x20000000                        . = ALIGN (0x4)
                0x20000000                        _sdata = .
 *(.data)
 *(.data*)
 .data.uwTickFreq
                0x20000000        0x1 build/stm32f0xx_hal.o
                0x20000000                uwTickFreq
 *fill*         0x20000001        0x3 
 .data.uwTickPrio
                0x20000004        0x4 build/stm32f0xx_hal.o
                0x20000004                uwTickPrio
 .data.SystemCoreClock
                0x20000008        0x4 build/system_stm32f0xx.o
                0x20000008                SystemCoreClock
 .data.uxCriticalNesting
                0x2000000c        0x4 build/port.o
                0x20000010                        . = ALIGN (0x4)
                0x20000010                        _edata = .

.tm_clone_table
                0x20000010        0x0 load address 0x0800486c
 .tm_clone_table
                0x20000010        0x0 /Applications/ArmGNUToolchain/13.2.Rel1/arm-none-eabi/bin/../lib/gcc/arm-none-eabi/13.2.1/thumb/v6-m/nofp/crtbegin.o
 .tm_clone_table
                0x20000010        0x0 /Applications/ArmGNUToolchain/13.2.Rel1/arm-none-eabi/bin/../lib/gcc/arm-none-eabi/13.2.1/thumb/v6-m/nofp/crtend.o

.igot.plt       0x20000010        0x0 load address 0x0800486c
 .igot.plt      0x20000010        0x0 /Applications/ArmGNUToolchain/13.2.Rel1/arm-none-eabi/bin/../lib/gcc/arm-none-eabi/13.2.1/thumb/v6-m/nofp/crtbegin.o
                0x20000010                        . = ALIGN (0x4)

.bss            0x20000010     0x1e24 load address 0x0800486c
                0x20000010                        _sbss = .
                0x20000010                        __bss_start__ = _sbss
 *(.bss)
 *(.bss*)
 .bss.completed.1
                0x20000010        0x1 /Applications/ArmGNUToolchain/13.2.Rel1/arm-none-eabi/bin/../lib/gcc/arm-none-eabi/13.2.1/thumb/v6-m/nofp/crtbegin.o
 *fill*         0x20000011        0x3 
 .bss.object.0  0x20000014       0x18 /Applications/ArmGNUToolchain/13.2.Rel1/arm-none-eabi/bin/../lib/gcc/arm-none-eabi/13.2.1/thumb/v6-m/nofp/crtbegin.o
 .bss.LEDTaskHandle
                0x2000002c        0x4 build/main.o
                0x2000002c                LEDTaskHandle
 .bss.routerTaskHandle
                0x20000030        0x4 build/main.o
                0x20000030                routerTaskHandle
 .bss.hpcd_USB_FS
                0x20000034      0x2f4 build/main.o
                0x20000034                hpcd_USB_FS
 .bss.htsc      0x20000328       0x44 build/main.o
                0x20000328                htsc
 .bss.hspi2     0x2000036c       0x64 build/main.o
                0x2000036c                hspi2
 .bss.hi2c2     0x200003d0       0x54 build/main.o
                0x200003d0                hi2c2
 .bss.binarySem03LEDWorkerHandle
                0x20000424        0x4 build/main.o
                0x20000424                binarySem03LEDWorkerHandle
 .bss.commandMotor
                0x20000428        0x2 build/main.o
                0x20000428                commandMotor
 .bss.commandLED
                0x2000042a        0x2 build/main.o
                0x2000042a                commandLED
 .bss.binarySem01CmdQueueHandle
                0x2000042c        0x4 build/cmdQueue.o
                0x2000042c                binarySem01CmdQueueHandle
 .bss.uartStatus
                0x20000430        0x1 build/uartParser.o
                0x20000430                uartStatus
 *fill*         0x20000431        0x1 
 .bss.commandOut
                0x20000432        0x2 build/uartParser.o
                0x20000432                commandOut
 .bss.cmd       0x20000434       0x50 build/uartParser.o
                0x20000434                cmd
 .bss.tmpStr    0x20000484       0x14 build/uartParser.o
                0x20000484                tmpStr
 .bss.cmdStrIndex
                0x20000498        0x1 build/uartParser.o
                0x20000498                cmdStrIndex
 .bss.cmdIndex  0x20000499        0x1 build/uartParser.o
                0x20000499                cmdIndex
 .bss.strIndex  0x2000049a        0x1 build/uartParser.o
                0x2000049a                strIndex
 *fill*         0x2000049b        0x1 
 .bss.binarySem02UartParserHandle
                0x2000049c        0x4 build/uartParser.o
                0x2000049c                binarySem02UartParserHandle
 .bss.cmdQueue  0x200004a0        0x4 build/uartParser.o
                0x200004a0                cmdQueue
 .bss.UARTTaskHandle
                0x200004a4        0x4 build/uartParser.o
                0x200004a4                UARTTaskHandle
 .bss.htim6     0x200004a8       0x48 build/stm32f0xx_hal_timebase_tim.o
                0x200004a8                htim6
 .bss.uwTick    0x200004f0        0x4 build/stm32f0xx_hal.o
                0x200004f0                uwTick
 .bss.xQueueRegistry
                0x200004f4       0x40 build/queue.o
                0x200004f4                xQueueRegistry
 .bss.uxSchedulerSuspended
                0x20000534        0x4 build/tasks.o
 .bss.xIdleTaskHandle
                0x20000538        0x4 build/tasks.o
 .bss.xNextTaskUnblockTime
                0x2000053c        0x4 build/tasks.o
 .bss.uxTaskNumber
                0x20000540        0x4 build/tasks.o
 .bss.xNumOfOverflows
                0x20000544        0x4 build/tasks.o
 .bss.xYieldPending
                0x20000548        0x4 build/tasks.o
 .bss.uxPendedTicks
                0x2000054c        0x4 build/tasks.o
 .bss.xSchedulerRunning
                0x20000550        0x4 build/tasks.o
 .bss.uxTopReadyPriority
                0x20000554        0x4 build/tasks.o
 .bss.xTickCount
                0x20000558        0x4 build/tasks.o
 .bss.uxCurrentNumberOfTasks
                0x2000055c        0x4 build/tasks.o
 .bss.xSuspendedTaskList
                0x20000560       0x14 build/tasks.o
 .bss.uxDeletedTasksWaitingCleanUp
                0x20000574        0x4 build/tasks.o
 .bss.xTasksWaitingTermination
                0x20000578       0x14 build/tasks.o
 .bss.xPendingReadyList
                0x2000058c       0x14 build/tasks.o
 .bss.pxOverflowDelayedTaskList
                0x200005a0        0x4 build/tasks.o
 .bss.pxDelayedTaskList
                0x200005a4        0x4 build/tasks.o
 .bss.xDelayedTaskList2
                0x200005a8       0x14 build/tasks.o
 .bss.xDelayedTaskList1
                0x200005bc       0x14 build/tasks.o
 .bss.pxReadyTasksLists
                0x200005d0      0x460 build/tasks.o
 .bss.pxCurrentTCB
                0x20000a30        0x4 build/tasks.o
                0x20000a30                pxCurrentTCB
 .bss.xStaticTimerQueue.0
                0x20000a34       0x50 build/timers.o
 .bss.ucStaticTimerQueueStorage.1
                0x20000a84       0xa0 build/timers.o
 .bss.xLastTime.2
                0x20000b24        0x4 build/timers.o
 .bss.xTimerTaskHandle
                0x20000b28        0x4 build/timers.o
 .bss.xTimerQueue
                0x20000b2c        0x4 build/timers.o
 .bss.pxOverflowTimerList
                0x20000b30        0x4 build/timers.o
 .bss.pxCurrentTimerList
                0x20000b34        0x4 build/timers.o
 .bss.xActiveTimerList2
                0x20000b38       0x14 build/timers.o
 .bss.xActiveTimerList1
                0x20000b4c       0x14 build/timers.o
 .bss.Timer_Stack
                0x20000b60      0x400 build/cmsis_os2.o
 .bss.Timer_TCB
                0x20000f60       0x5c build/cmsis_os2.o
 .bss.Idle_Stack
                0x20000fbc      0x200 build/cmsis_os2.o
 .bss.Idle_TCB  0x200011bc       0x5c build/cmsis_os2.o
 .bss.KernelState
                0x20001218        0x4 build/cmsis_os2.o
 .bss.xBlockAllocatedBit
                0x2000121c        0x4 build/heap_4.o
 .bss.xMinimumEverFreeBytesRemaining
                0x20001220        0x4 build/heap_4.o
 .bss.xFreeBytesRemaining
                0x20001224        0x4 build/heap_4.o
 .bss.pxEnd     0x20001228        0x4 build/heap_4.o
 .bss.xStart    0x2000122c        0x8 build/heap_4.o
 .bss.ucHeap    0x20001234      0xc00 build/heap_4.o
 *(COMMON)
                0x20001e34                        . = ALIGN (0x4)
                0x20001e34                        _ebss = .
                0x20001e34                        __bss_end__ = _ebss

._user_heap_stack
                0x20001e34      0x604 load address 0x0800486c
                0x20001e38                        . = ALIGN (0x8)
 *fill*         0x20001e34        0x4 
                [!provide]                        PROVIDE (end = .)
                0x20001e38                        PROVIDE (_end = .)
                0x20002038                        . = (. + _Min_Heap_Size)
 *fill*         0x20001e38      0x200 
                0x20002438                        . = (. + _Min_Stack_Size)
 *fill*         0x20002038      0x400 
                0x20002438                        . = ALIGN (0x8)

/DISCARD/
 libc.a(*)
 libm.a(*)
 libgcc.a(*)

.ARM.attributes
                0x00000000       0x28
 *(.ARM.attributes)
 .ARM.attributes
                0x00000000       0x1e /Applications/ArmGNUToolchain/13.2.Rel1/arm-none-eabi/bin/../lib/gcc/arm-none-eabi/13.2.1/thumb/v6-m/nofp/crti.o
 .ARM.attributes
                0x0000001e       0x2c /Applications/ArmGNUToolchain/13.2.Rel1/arm-none-eabi/bin/../lib/gcc/arm-none-eabi/13.2.1/thumb/v6-m/nofp/crtbegin.o
 .ARM.attributes
                0x0000004a       0x2c build/main.o
 .ARM.attributes
                0x00000076       0x2c build/cmdQueue.o
 .ARM.attributes
                0x000000a2       0x2c build/uartParser.o
 .ARM.attributes
                0x000000ce       0x2c build/stm32f0xx_it.o
 .ARM.attributes
                0x000000fa       0x2c build/stm32f0xx_hal_msp.o
 .ARM.attributes
                0x00000126       0x2c build/stm32f0xx_hal_timebase_tim.o
 .ARM.attributes
                0x00000152       0x2c build/stm32f0xx_ll_usb.o
 .ARM.attributes
                0x0000017e       0x2c build/stm32f0xx_hal_rcc.o
 .ARM.attributes
                0x000001aa       0x2c build/stm32f0xx_hal_rcc_ex.o
 .ARM.attributes
                0x000001d6       0x2c build/stm32f0xx_hal.o
 .ARM.attributes
                0x00000202       0x2c build/stm32f0xx_hal_i2c.o
 .ARM.attributes
                0x0000022e       0x2c build/stm32f0xx_hal_i2c_ex.o
 .ARM.attributes
                0x0000025a       0x2c build/stm32f0xx_hal_gpio.o
 .ARM.attributes
                0x00000286       0x2c build/stm32f0xx_hal_cortex.o
 .ARM.attributes
                0x000002b2       0x2c build/stm32f0xx_hal_spi.o
 .ARM.attributes
                0x000002de       0x2c build/stm32f0xx_hal_tim.o
 .ARM.attributes
                0x0000030a       0x2c build/stm32f0xx_hal_tim_ex.o
 .ARM.attributes
                0x00000336       0x2c build/stm32f0xx_hal_tsc.o
 .ARM.attributes
                0x00000362       0x2c build/stm32f0xx_hal_pcd.o
 .ARM.attributes
                0x0000038e       0x2c build/stm32f0xx_hal_pcd_ex.o
 .ARM.attributes
                0x000003ba       0x2c build/system_stm32f0xx.o
 .ARM.attributes
                0x000003e6       0x2c build/list.o
 .ARM.attributes
                0x00000412       0x2c build/queue.o
 .ARM.attributes
                0x0000043e       0x2c build/tasks.o
 .ARM.attributes
                0x0000046a       0x2c build/timers.o
 .ARM.attributes
                0x00000496       0x2c build/cmsis_os2.o
 .ARM.attributes
                0x000004c2       0x2c build/heap_4.o
 .ARM.attributes
                0x000004ee       0x2c build/port.o
 .ARM.attributes
                0x0000051a       0x21 build/startup_stm32f072xb.o
 .ARM.attributes
                0x0000053b       0x2c /Applications/ArmGNUToolchain/13.2.Rel1/arm-none-eabi/bin/../lib/gcc/arm-none-eabi/13.2.1/../../../../arm-none-eabi/lib/thumb/v6-m/nofp/libc_nano.a(libc_a-memset.o)
 .ARM.attributes
                0x00000567       0x2c /Applications/ArmGNUToolchain/13.2.Rel1/arm-none-eabi/bin/../lib/gcc/arm-none-eabi/13.2.1/../../../../arm-none-eabi/lib/thumb/v6-m/nofp/libc_nano.a(libc_a-init.o)
 .ARM.attributes
                0x00000593       0x2c /Applications/ArmGNUToolchain/13.2.Rel1/arm-none-eabi/bin/../lib/gcc/arm-none-eabi/13.2.1/../../../../arm-none-eabi/lib/thumb/v6-m/nofp/libc_nano.a(libc_a-memcpy-stub.o)
 .ARM.attributes
                0x000005bf       0x1c /Applications/ArmGNUToolchain/13.2.Rel1/arm-none-eabi/bin/../lib/gcc/arm-none-eabi/13.2.1/../../../../arm-none-eabi/lib/thumb/v6-m/nofp/libc_nano.a(libc_a-strlen.o)
 .ARM.attributes
                0x000005db       0x1c /Applications/ArmGNUToolchain/13.2.Rel1/arm-none-eabi/bin/../lib/gcc/arm-none-eabi/13.2.1/../../../../arm-none-eabi/lib/thumb/v6-m/nofp/libc_nano.a(libc_a-strcmp.o)
 .ARM.attributes
                0x000005f7       0x1e /Applications/ArmGNUToolchain/13.2.Rel1/arm-none-eabi/bin/../lib/gcc/arm-none-eabi/13.2.1/thumb/v6-m/nofp/libgcc.a(_udivsi3.o)
 .ARM.attributes
                0x00000615       0x1e /Applications/ArmGNUToolchain/13.2.Rel1/arm-none-eabi/bin/../lib/gcc/arm-none-eabi/13.2.1/thumb/v6-m/nofp/libgcc.a(_divsi3.o)
 .ARM.attributes
                0x00000633       0x1e /Applications/ArmGNUToolchain/13.2.Rel1/arm-none-eabi/bin/../lib/gcc/arm-none-eabi/13.2.1/thumb/v6-m/nofp/libgcc.a(_dvmd_tls.o)
 .ARM.attributes
                0x00000651       0x2c /Applications/ArmGNUToolchain/13.2.Rel1/arm-none-eabi/bin/../lib/gcc/arm-none-eabi/13.2.1/thumb/v6-m/nofp/crtend.o
 .ARM.attributes
                0x0000067d       0x1e /Applications/ArmGNUToolchain/13.2.Rel1/arm-none-eabi/bin/../lib/gcc/arm-none-eabi/13.2.1/thumb/v6-m/nofp/crtn.o
OUTPUT(build/project.elf elf32-littlearm)
LOAD linker stubs
LOAD /Applications/ArmGNUToolchain/13.2.Rel1/arm-none-eabi/bin/../lib/gcc/arm-none-eabi/13.2.1/../../../../arm-none-eabi/lib/thumb/v6-m/nofp/libc.a
LOAD /Applications/ArmGNUToolchain/13.2.Rel1/arm-none-eabi/bin/../lib/gcc/arm-none-eabi/13.2.1/../../../../arm-none-eabi/lib/thumb/v6-m/nofp/libm.a
LOAD /Applications/ArmGNUToolchain/13.2.Rel1/arm-none-eabi/bin/../lib/gcc/arm-none-eabi/13.2.1/thumb/v6-m/nofp/libgcc.a

.debug_info     0x00000000    0x27233
 .debug_info    0x00000000     0x26e4 build/main.o
 .debug_info    0x000026e4      0x5c8 build/cmdQueue.o
 .debug_info    0x00002cac     0x133f build/uartParser.o
 .debug_info    0x00003feb      0x70a build/stm32f0xx_it.o
 .debug_info    0x000046f5     0x19aa build/stm32f0xx_hal_msp.o
 .debug_info    0x0000609f      0xb4d build/stm32f0xx_hal_timebase_tim.o
 .debug_info    0x00006bec     0x1b58 build/stm32f0xx_ll_usb.o
 .debug_info    0x00008744      0xba8 build/stm32f0xx_hal_rcc.o
 .debug_info    0x000092ec      0x7dd build/stm32f0xx_hal_rcc_ex.o
 .debug_info    0x00009ac9      0x84b build/stm32f0xx_hal.o
 .debug_info    0x0000a314     0x4475 build/stm32f0xx_hal_i2c.o
 .debug_info    0x0000e789      0x99d build/stm32f0xx_hal_i2c_ex.o
 .debug_info    0x0000f126      0x6da build/stm32f0xx_hal_gpio.o
 .debug_info    0x0000f800      0x8ff build/stm32f0xx_hal_cortex.o
 .debug_info    0x000100ff     0x2376 build/stm32f0xx_hal_spi.o
 .debug_info    0x00012475     0x40c6 build/stm32f0xx_hal_tim.o
 .debug_info    0x0001653b     0x1cb9 build/stm32f0xx_hal_tim_ex.o
 .debug_info    0x000181f4      0x909 build/stm32f0xx_hal_tsc.o
 .debug_info    0x00018afd     0x1dcb build/stm32f0xx_hal_pcd.o
 .debug_info    0x0001a8c8      0xa9e build/stm32f0xx_hal_pcd_ex.o
 .debug_info    0x0001b366      0x2ce build/system_stm32f0xx.o
 .debug_info    0x0001b634      0x309 build/list.o
 .debug_info    0x0001b93d     0x22ec build/queue.o
 .debug_info    0x0001dc29     0x2c28 build/tasks.o
 .debug_info    0x00020851     0x19ba build/timers.o
 .debug_info    0x0002220b     0x48c0 build/cmsis_os2.o
 .debug_info    0x00026acb      0x3e1 build/heap_4.o
 .debug_info    0x00026eac      0x357 build/port.o
 .debug_info    0x00027203       0x30 build/startup_stm32f072xb.o

.debug_abbrev   0x00000000     0x4865
 .debug_abbrev  0x00000000      0x3b0 build/main.o
 .debug_abbrev  0x000003b0      0x1f9 build/cmdQueue.o
 .debug_abbrev  0x000005a9      0x377 build/uartParser.o
 .debug_abbrev  0x00000920      0x17d build/stm32f0xx_it.o
 .debug_abbrev  0x00000a9d      0x258 build/stm32f0xx_hal_msp.o
 .debug_abbrev  0x00000cf5      0x252 build/stm32f0xx_hal_timebase_tim.o
 .debug_abbrev  0x00000f47      0x2ed build/stm32f0xx_ll_usb.o
 .debug_abbrev  0x00001234      0x2b4 build/stm32f0xx_hal_rcc.o
 .debug_abbrev  0x000014e8      0x1f0 build/stm32f0xx_hal_rcc_ex.o
 .debug_abbrev  0x000016d8      0x237 build/stm32f0xx_hal.o
 .debug_abbrev  0x0000190f      0x2e4 build/stm32f0xx_hal_i2c.o
 .debug_abbrev  0x00001bf3      0x1b5 build/stm32f0xx_hal_i2c_ex.o
 .debug_abbrev  0x00001da8      0x222 build/stm32f0xx_hal_gpio.o
 .debug_abbrev  0x00001fca      0x2f4 build/stm32f0xx_hal_cortex.o
 .debug_abbrev  0x000022be      0x29e build/stm32f0xx_hal_spi.o
 .debug_abbrev  0x0000255c      0x2bd build/stm32f0xx_hal_tim.o
 .debug_abbrev  0x00002819      0x29d build/stm32f0xx_hal_tim_ex.o
 .debug_abbrev  0x00002ab6      0x225 build/stm32f0xx_hal_tsc.o
 .debug_abbrev  0x00002cdb      0x300 build/stm32f0xx_hal_pcd.o
 .debug_abbrev  0x00002fdb      0x278 build/stm32f0xx_hal_pcd_ex.o
 .debug_abbrev  0x00003253      0x134 build/system_stm32f0xx.o
 .debug_abbrev  0x00003387      0x124 build/list.o
 .debug_abbrev  0x000034ab      0x3c3 build/queue.o
 .debug_abbrev  0x0000386e      0x386 build/tasks.o
 .debug_abbrev  0x00003bf4      0x390 build/timers.o
 .debug_abbrev  0x00003f84      0x49c build/cmsis_os2.o
 .debug_abbrev  0x00004420      0x20e build/heap_4.o
 .debug_abbrev  0x0000462e      0x21a build/port.o
 .debug_abbrev  0x00004848       0x1d build/startup_stm32f072xb.o

.debug_loc      0x00000000    0x260a7
 .debug_loc     0x00000000      0x22b build/main.o
 .debug_loc     0x0000022b      0x39a build/cmdQueue.o
 .debug_loc     0x000005c5      0x568 build/uartParser.o
 .debug_loc     0x00000b2d       0x20 build/stm32f0xx_it.o
 .debug_loc     0x00000b4d      0x321 build/stm32f0xx_hal_msp.o
 .debug_loc     0x00000e6e      0x164 build/stm32f0xx_hal_timebase_tim.o
 .debug_loc     0x00000fd2     0x1d14 build/stm32f0xx_ll_usb.o
 .debug_loc     0x00002ce6      0x816 build/stm32f0xx_hal_rcc.o
 .debug_loc     0x000034fc      0x9cb build/stm32f0xx_hal_rcc_ex.o
 .debug_loc     0x00003ec7      0x1f9 build/stm32f0xx_hal.o
 .debug_loc     0x000040c0     0x61a9 build/stm32f0xx_hal_i2c.o
 .debug_loc     0x0000a269      0x324 build/stm32f0xx_hal_i2c_ex.o
 .debug_loc     0x0000a58d      0x47a build/stm32f0xx_hal_gpio.o
 .debug_loc     0x0000aa07      0x3d4 build/stm32f0xx_hal_cortex.o
 .debug_loc     0x0000addb     0x2a9d build/stm32f0xx_hal_spi.o
 .debug_loc     0x0000d878     0x6842 build/stm32f0xx_hal_tim.o
 .debug_loc     0x000140ba     0x292c build/stm32f0xx_hal_tim_ex.o
 .debug_loc     0x000169e6      0x60f build/stm32f0xx_hal_tsc.o
 .debug_loc     0x00016ff5     0x1b9a build/stm32f0xx_hal_pcd.o
 .debug_loc     0x00018b8f      0x330 build/stm32f0xx_hal_pcd_ex.o
 .debug_loc     0x00018ebf      0x1ae build/system_stm32f0xx.o
 .debug_loc     0x0001906d       0xd3 build/list.o
 .debug_loc     0x00019140     0x28fd build/queue.o
 .debug_loc     0x0001ba3d     0x2fad build/tasks.o
 .debug_loc     0x0001e9ea     0x1463 build/timers.o
 .debug_loc     0x0001fe4d     0x5d13 build/cmsis_os2.o
 .debug_loc     0x00025b60      0x3cf build/heap_4.o
 .debug_loc     0x00025f2f      0x178 build/port.o

.debug_aranges  0x00000000     0x1938
 .debug_aranges
                0x00000000       0x78 build/main.o
 .debug_aranges
                0x00000078       0x48 build/cmdQueue.o
 .debug_aranges
                0x000000c0       0x58 build/uartParser.o
 .debug_aranges
                0x00000118       0x30 build/stm32f0xx_it.o
 .debug_aranges
                0x00000148       0x60 build/stm32f0xx_hal_msp.o
 .debug_aranges
                0x000001a8       0x30 build/stm32f0xx_hal_timebase_tim.o
 .debug_aranges
                0x000001d8       0xb8 build/stm32f0xx_ll_usb.o
 .debug_aranges
                0x00000290       0x80 build/stm32f0xx_hal_rcc.o
 .debug_aranges
                0x00000310       0x78 build/stm32f0xx_hal_rcc_ex.o
 .debug_aranges
                0x00000388       0xd0 build/stm32f0xx_hal.o
 .debug_aranges
                0x00000458      0x2a0 build/stm32f0xx_hal_i2c.o
 .debug_aranges
                0x000006f8       0x48 build/stm32f0xx_hal_i2c_ex.o
 .debug_aranges
                0x00000740       0x58 build/stm32f0xx_hal_gpio.o
 .debug_aranges
                0x00000798       0x98 build/stm32f0xx_hal_cortex.o
 .debug_aranges
                0x00000830      0x1d8 build/stm32f0xx_hal_spi.o
 .debug_aranges
                0x00000a08      0x3d0 build/stm32f0xx_hal_tim.o
 .debug_aranges
                0x00000dd8      0x168 build/stm32f0xx_hal_tim_ex.o
 .debug_aranges
                0x00000f40       0xa8 build/stm32f0xx_hal_tsc.o
 .debug_aranges
                0x00000fe8      0x138 build/stm32f0xx_hal_pcd.o
 .debug_aranges
                0x00001120       0x58 build/stm32f0xx_hal_pcd_ex.o
 .debug_aranges
                0x00001178       0x28 build/system_stm32f0xx.o
 .debug_aranges
                0x000011a0       0x40 build/list.o
 .debug_aranges
                0x000011e0      0x158 build/queue.o
 .debug_aranges
                0x00001338      0x1f8 build/tasks.o
 .debug_aranges
                0x00001530       0xe0 build/timers.o
 .debug_aranges
                0x00001610      0x228 build/cmsis_os2.o
 .debug_aranges
                0x00001838       0x50 build/heap_4.o
 .debug_aranges
                0x00001888       0x88 build/port.o
 .debug_aranges
                0x00001910       0x28 build/startup_stm32f072xb.o

.debug_ranges   0x00000000     0x1d20
 .debug_ranges  0x00000000       0x68 build/main.o
 .debug_ranges  0x00000068       0x38 build/cmdQueue.o
 .debug_ranges  0x000000a0       0x78 build/uartParser.o
 .debug_ranges  0x00000118       0x20 build/stm32f0xx_it.o
 .debug_ranges  0x00000138       0x50 build/stm32f0xx_hal_msp.o
 .debug_ranges  0x00000188       0x20 build/stm32f0xx_hal_timebase_tim.o
 .debug_ranges  0x000001a8      0x2e0 build/stm32f0xx_ll_usb.o
 .debug_ranges  0x00000488       0x88 build/stm32f0xx_hal_rcc.o
 .debug_ranges  0x00000510       0x80 build/stm32f0xx_hal_rcc_ex.o
 .debug_ranges  0x00000590       0xc0 build/stm32f0xx_hal.o
 .debug_ranges  0x00000650      0x290 build/stm32f0xx_hal_i2c.o
 .debug_ranges  0x000008e0       0x38 build/stm32f0xx_hal_i2c_ex.o
 .debug_ranges  0x00000918       0x48 build/stm32f0xx_hal_gpio.o
 .debug_ranges  0x00000960       0xa0 build/stm32f0xx_hal_cortex.o
 .debug_ranges  0x00000a00      0x1c8 build/stm32f0xx_hal_spi.o
 .debug_ranges  0x00000bc8      0x3c0 build/stm32f0xx_hal_tim.o
 .debug_ranges  0x00000f88      0x158 build/stm32f0xx_hal_tim_ex.o
 .debug_ranges  0x000010e0       0x98 build/stm32f0xx_hal_tsc.o
 .debug_ranges  0x00001178      0x238 build/stm32f0xx_hal_pcd.o
 .debug_ranges  0x000013b0       0x48 build/stm32f0xx_hal_pcd_ex.o
 .debug_ranges  0x000013f8       0x18 build/system_stm32f0xx.o
 .debug_ranges  0x00001410       0x30 build/list.o
 .debug_ranges  0x00001440      0x218 build/queue.o
 .debug_ranges  0x00001658      0x308 build/tasks.o
 .debug_ranges  0x00001960       0xd0 build/timers.o
 .debug_ranges  0x00001a30      0x218 build/cmsis_os2.o
 .debug_ranges  0x00001c48       0x40 build/heap_4.o
 .debug_ranges  0x00001c88       0x78 build/port.o
 .debug_ranges  0x00001d00       0x20 build/startup_stm32f072xb.o

.debug_line     0x00000000    0x1e14b
 .debug_line    0x00000000      0x995 build/main.o
 .debug_line    0x00000995      0x33a build/cmdQueue.o
 .debug_line    0x00000ccf      0x9fa build/uartParser.o
 .debug_line    0x000016c9      0x1eb build/stm32f0xx_it.o
 .debug_line    0x000018b4      0x51c build/stm32f0xx_hal_msp.o
 .debug_line    0x00001dd0      0x2f9 build/stm32f0xx_hal_timebase_tim.o
 .debug_line    0x000020c9     0x16e1 build/stm32f0xx_ll_usb.o
 .debug_line    0x000037aa      0xd27 build/stm32f0xx_hal_rcc.o
 .debug_line    0x000044d1      0x921 build/stm32f0xx_hal_rcc_ex.o
 .debug_line    0x00004df2      0x513 build/stm32f0xx_hal.o
 .debug_line    0x00005305     0x4cc7 build/stm32f0xx_hal_i2c.o
 .debug_line    0x00009fcc      0x3e3 build/stm32f0xx_hal_i2c_ex.o
 .debug_line    0x0000a3af      0x6ad build/stm32f0xx_hal_gpio.o
 .debug_line    0x0000aa5c      0x523 build/stm32f0xx_hal_cortex.o
 .debug_line    0x0000af7f     0x28c1 build/stm32f0xx_hal_spi.o
 .debug_line    0x0000d840     0x4952 build/stm32f0xx_hal_tim.o
 .debug_line    0x00012192     0x1ab3 build/stm32f0xx_hal_tim_ex.o
 .debug_line    0x00013c45      0x770 build/stm32f0xx_hal_tsc.o
 .debug_line    0x000143b5     0x1821 build/stm32f0xx_hal_pcd.o
 .debug_line    0x00015bd6      0x44b build/stm32f0xx_hal_pcd_ex.o
 .debug_line    0x00016021      0x235 build/system_stm32f0xx.o
 .debug_line    0x00016256      0x35e build/list.o
 .debug_line    0x000165b4     0x193f build/queue.o
 .debug_line    0x00017ef3     0x22d2 build/tasks.o
 .debug_line    0x0001a1c5      0xb85 build/timers.o
 .debug_line    0x0001ad4a     0x29a1 build/cmsis_os2.o
 .debug_line    0x0001d6eb      0x5e5 build/heap_4.o
 .debug_line    0x0001dcd0      0x407 build/port.o
 .debug_line    0x0001e0d7       0x74 build/startup_stm32f072xb.o

.debug_str      0x00000000     0x8080
 .debug_str     0x00000000     0x8080 build/main.o
                               0x1ba9 (size before relaxing)
 .debug_str     0x00008080      0x37a build/cmdQueue.o
 .debug_str     0x00008080      0xc29 build/uartParser.o
 .debug_str     0x00008080      0x687 build/stm32f0xx_it.o
 .debug_str     0x00008080     0x10fc build/stm32f0xx_hal_msp.o
 .debug_str     0x00008080      0xa29 build/stm32f0xx_hal_timebase_tim.o
 .debug_str     0x00008080      0x640 build/stm32f0xx_ll_usb.o
 .debug_str     0x00008080      0x655 build/stm32f0xx_hal_rcc.o
 .debug_str     0x00008080      0x616 build/stm32f0xx_hal_rcc_ex.o
 .debug_str     0x00008080      0x6fe build/stm32f0xx_hal.o
 .debug_str     0x00008080      0xfb8 build/stm32f0xx_hal_i2c.o
 .debug_str     0x00008080      0x7e0 build/stm32f0xx_hal_i2c_ex.o
 .debug_str     0x00008080      0x3e9 build/stm32f0xx_hal_gpio.o
 .debug_str     0x00008080      0x63f build/stm32f0xx_hal_cortex.o
 .debug_str     0x00008080      0xbbd build/stm32f0xx_hal_spi.o
 .debug_str     0x00008080     0x165e build/stm32f0xx_hal_tim.o
 .debug_str     0x00008080      0xe7a build/stm32f0xx_hal_tim_ex.o
 .debug_str     0x00008080      0x666 build/stm32f0xx_hal_tsc.o
 .debug_str     0x00008080      0xab5 build/stm32f0xx_hal_pcd.o
 .debug_str     0x00008080      0x75f build/stm32f0xx_hal_pcd_ex.o
 .debug_str     0x00008080      0x266 build/system_stm32f0xx.o
 .debug_str     0x00008080      0x2de build/list.o
 .debug_str     0x00008080      0xc27 build/queue.o
 .debug_str     0x00008080     0x1216 build/tasks.o
 .debug_str     0x00008080      0xbca build/timers.o
 .debug_str     0x00008080     0x1917 build/cmsis_os2.o
 .debug_str     0x00008080      0x39f build/heap_4.o
 .debug_str     0x00008080      0x38e build/port.o
 .debug_str     0x00008080       0x73 build/startup_stm32f072xb.o

.comment        0x00000000       0x44
 .comment       0x00000000       0x44 build/main.o
                                 0x45 (size before relaxing)
 .comment       0x00000044       0x45 build/cmdQueue.o
 .comment       0x00000044       0x45 build/uartParser.o
 .comment       0x00000044       0x45 build/stm32f0xx_it.o
 .comment       0x00000044       0x45 build/stm32f0xx_hal_msp.o
 .comment       0x00000044       0x45 build/stm32f0xx_hal_timebase_tim.o
 .comment       0x00000044       0x45 build/stm32f0xx_ll_usb.o
 .comment       0x00000044       0x45 build/stm32f0xx_hal_rcc.o
 .comment       0x00000044       0x45 build/stm32f0xx_hal_rcc_ex.o
 .comment       0x00000044       0x45 build/stm32f0xx_hal.o
 .comment       0x00000044       0x45 build/stm32f0xx_hal_i2c.o
 .comment       0x00000044       0x45 build/stm32f0xx_hal_i2c_ex.o
 .comment       0x00000044       0x45 build/stm32f0xx_hal_gpio.o
 .comment       0x00000044       0x45 build/stm32f0xx_hal_cortex.o
 .comment       0x00000044       0x45 build/stm32f0xx_hal_spi.o
 .comment       0x00000044       0x45 build/stm32f0xx_hal_tim.o
 .comment       0x00000044       0x45 build/stm32f0xx_hal_tim_ex.o
 .comment       0x00000044       0x45 build/stm32f0xx_hal_tsc.o
 .comment       0x00000044       0x45 build/stm32f0xx_hal_pcd.o
 .comment       0x00000044       0x45 build/stm32f0xx_hal_pcd_ex.o
 .comment       0x00000044       0x45 build/system_stm32f0xx.o
 .comment       0x00000044       0x45 build/list.o
 .comment       0x00000044       0x45 build/queue.o
 .comment       0x00000044       0x45 build/tasks.o
 .comment       0x00000044       0x45 build/timers.o
 .comment       0x00000044       0x45 build/cmsis_os2.o
 .comment       0x00000044       0x45 build/heap_4.o
 .comment       0x00000044       0x45 build/port.o

.debug_frame    0x00000000     0x4548
 .debug_frame   0x00000000      0x128 build/main.o
 .debug_frame   0x00000128       0xb8 build/cmdQueue.o
 .debug_frame   0x000001e0       0xdc build/uartParser.o
 .debug_frame   0x000002bc       0x48 build/stm32f0xx_it.o
 .debug_frame   0x00000304       0xf4 build/stm32f0xx_hal_msp.o
 .debug_frame   0x000003f8       0x4c build/stm32f0xx_hal_timebase_tim.o
 .debug_frame   0x00000444      0x194 build/stm32f0xx_ll_usb.o
 .debug_frame   0x000005d8      0x138 build/stm32f0xx_hal_rcc.o
 .debug_frame   0x00000710       0xfc build/stm32f0xx_hal_rcc_ex.o
 .debug_frame   0x0000080c      0x1ac build/stm32f0xx_hal.o
 .debug_frame   0x000009b8      0x8b0 build/stm32f0xx_hal_i2c.o
 .debug_frame   0x00001268       0xb0 build/stm32f0xx_hal_i2c_ex.o
 .debug_frame   0x00001318       0xc0 build/stm32f0xx_hal_gpio.o
 .debug_frame   0x000013d8      0x144 build/stm32f0xx_hal_cortex.o
 .debug_frame   0x0000151c      0x5a4 build/stm32f0xx_hal_spi.o
 .debug_frame   0x00001ac0      0xadc build/stm32f0xx_hal_tim.o
 .debug_frame   0x0000259c      0x420 build/stm32f0xx_hal_tim_ex.o
 .debug_frame   0x000029bc      0x184 build/stm32f0xx_hal_tsc.o
 .debug_frame   0x00002b40      0x350 build/stm32f0xx_hal_pcd.o
 .debug_frame   0x00002e90       0xa8 build/stm32f0xx_hal_pcd_ex.o
 .debug_frame   0x00002f38       0x38 build/system_stm32f0xx.o
 .debug_frame   0x00002f70       0x6c build/list.o
 .debug_frame   0x00002fdc      0x400 build/queue.o
 .debug_frame   0x000033dc      0x5ec build/tasks.o
 .debug_frame   0x000039c8      0x278 build/timers.o
 .debug_frame   0x00003c40      0x680 build/cmsis_os2.o
 .debug_frame   0x000042c0       0xa0 build/heap_4.o
 .debug_frame   0x00004360      0x114 build/port.o
 .debug_frame   0x00004474       0x20 /Applications/ArmGNUToolchain/13.2.Rel1/arm-none-eabi/bin/../lib/gcc/arm-none-eabi/13.2.1/../../../../arm-none-eabi/lib/thumb/v6-m/nofp/libc_nano.a(libc_a-memset.o)
 .debug_frame   0x00004494       0x2c /Applications/ArmGNUToolchain/13.2.Rel1/arm-none-eabi/bin/../lib/gcc/arm-none-eabi/13.2.1/../../../../arm-none-eabi/lib/thumb/v6-m/nofp/libc_nano.a(libc_a-init.o)
 .debug_frame   0x000044c0       0x28 /Applications/ArmGNUToolchain/13.2.Rel1/arm-none-eabi/bin/../lib/gcc/arm-none-eabi/13.2.1/../../../../arm-none-eabi/lib/thumb/v6-m/nofp/libc_nano.a(libc_a-memcpy-stub.o)
 .debug_frame   0x000044e8       0x20 /Applications/ArmGNUToolchain/13.2.Rel1/arm-none-eabi/bin/../lib/gcc/arm-none-eabi/13.2.1/../../../../arm-none-eabi/lib/thumb/v6-m/nofp/libc_nano.a(libc_a-strcmp.o)
 .debug_frame   0x00004508       0x20 /Applications/ArmGNUToolchain/13.2.Rel1/arm-none-eabi/bin/../lib/gcc/arm-none-eabi/13.2.1/thumb/v6-m/nofp/libgcc.a(_udivsi3.o)
 .debug_frame   0x00004528       0x20 /Applications/ArmGNUToolchain/13.2.Rel1/arm-none-eabi/bin/../lib/gcc/arm-none-eabi/13.2.1/thumb/v6-m/nofp/libgcc.a(_divsi3.o)

.debug_line_str
                0x00000000      0x1d2
 .debug_line_str
                0x00000000      0x1d2 /Applications/ArmGNUToolchain/13.2.Rel1/arm-none-eabi/bin/../lib/gcc/arm-none-eabi/13.2.1/../../../../arm-none-eabi/lib/thumb/v6-m/nofp/libc_nano.a(libc_a-strlen.o)
                                 0xf0 (size before relaxing)
 .debug_line_str
                0x000001d2       0xed /Applications/ArmGNUToolchain/13.2.Rel1/arm-none-eabi/bin/../lib/gcc/arm-none-eabi/13.2.1/../../../../arm-none-eabi/lib/thumb/v6-m/nofp/libc_nano.a(libc_a-strcmp.o)
 .debug_line_str
                0x000001d2       0xd2 /Applications/ArmGNUToolchain/13.2.Rel1/arm-none-eabi/bin/../lib/gcc/arm-none-eabi/13.2.1/thumb/v6-m/nofp/libgcc.a(_udivsi3.o)
 .debug_line_str
                0x000001d2       0xd2 /Applications/ArmGNUToolchain/13.2.Rel1/arm-none-eabi/bin/../lib/gcc/arm-none-eabi/13.2.1/thumb/v6-m/nofp/libgcc.a(_divsi3.o)
 .debug_line_str
                0x000001d2       0xd2 /Applications/ArmGNUToolchain/13.2.Rel1/arm-none-eabi/bin/../lib/gcc/arm-none-eabi/13.2.1/thumb/v6-m/nofp/libgcc.a(_dvmd_tls.o)

Cross Reference Table

Symbol                                            File
ADC1_COMP_IRQHandler                              build/startup_stm32f072xb.o
AHBPrescTable                                     build/system_stm32f0xx.o
                                                  build/stm32f0xx_hal_rcc.o
APBPrescTable                                     build/system_stm32f0xx.o
                                                  build/stm32f0xx_hal_rcc.o
CEC_CAN_IRQHandler                                build/startup_stm32f072xb.o
DMA1_Channel1_IRQHandler                          build/startup_stm32f072xb.o
DMA1_Channel2_3_IRQHandler                        build/startup_stm32f072xb.o
DMA1_Channel4_5_6_7_IRQHandler                    build/startup_stm32f072xb.o
Default_Handler                                   build/startup_stm32f072xb.o
EXTI0_1_IRQHandler                                build/startup_stm32f072xb.o
EXTI2_3_IRQHandler                                build/startup_stm32f072xb.o
EXTI4_15_IRQHandler                               build/startup_stm32f072xb.o
Error_Handler                                     build/main.o
FLASH_IRQHandler                                  build/startup_stm32f072xb.o
FLASH_PageErase                                   build/stm32f0xx_hal_flash_ex.o
                                                  build/stm32f0xx_hal_flash.o
FLASH_WaitForLastOperation                        build/stm32f0xx_hal_flash.o
                                                  build/stm32f0xx_hal_flash_ex.o
HAL_DBGMCU_DisableDBGStandbyMode                  build/stm32f0xx_hal.o
HAL_DBGMCU_DisableDBGStopMode                     build/stm32f0xx_hal.o
HAL_DBGMCU_EnableDBGStandbyMode                   build/stm32f0xx_hal.o
HAL_DBGMCU_EnableDBGStopMode                      build/stm32f0xx_hal.o
HAL_DMA_Abort                                     build/stm32f0xx_hal_dma.o
                                                  build/stm32f0xx_hal_spi.o
HAL_DMA_Abort_IT                                  build/stm32f0xx_hal_dma.o
                                                  build/stm32f0xx_hal_tim_ex.o
                                                  build/stm32f0xx_hal_tim.o
                                                  build/stm32f0xx_hal_spi.o
                                                  build/stm32f0xx_hal_i2c.o
HAL_DMA_DeInit                                    build/stm32f0xx_hal_dma.o
HAL_DMA_GetError                                  build/stm32f0xx_hal_dma.o
HAL_DMA_GetState                                  build/stm32f0xx_hal_dma.o
                                                  build/stm32f0xx_hal_i2c.o
HAL_DMA_IRQHandler                                build/stm32f0xx_hal_dma.o
HAL_DMA_Init                                      build/stm32f0xx_hal_dma.o
HAL_DMA_PollForTransfer                           build/stm32f0xx_hal_dma.o
HAL_DMA_RegisterCallback                          build/stm32f0xx_hal_dma.o
HAL_DMA_Start                                     build/stm32f0xx_hal_dma.o
HAL_DMA_Start_IT                                  build/stm32f0xx_hal_dma.o
                                                  build/stm32f0xx_hal_tim_ex.o
                                                  build/stm32f0xx_hal_tim.o
                                                  build/stm32f0xx_hal_spi.o
                                                  build/stm32f0xx_hal_i2c.o
HAL_DMA_UnRegisterCallback                        build/stm32f0xx_hal_dma.o
HAL_DeInit                                        build/stm32f0xx_hal.o
HAL_Delay                                         build/stm32f0xx_hal.o
                                                  build/stm32f0xx_hal_pcd_ex.o
HAL_EXTI_ClearConfigLine                          build/stm32f0xx_hal_exti.o
HAL_EXTI_ClearPending                             build/stm32f0xx_hal_exti.o
HAL_EXTI_GenerateSWI                              build/stm32f0xx_hal_exti.o
HAL_EXTI_GetConfigLine                            build/stm32f0xx_hal_exti.o
HAL_EXTI_GetHandle                                build/stm32f0xx_hal_exti.o
HAL_EXTI_GetPending                               build/stm32f0xx_hal_exti.o
HAL_EXTI_IRQHandler                               build/stm32f0xx_hal_exti.o
HAL_EXTI_RegisterCallback                         build/stm32f0xx_hal_exti.o
HAL_EXTI_SetConfigLine                            build/stm32f0xx_hal_exti.o
HAL_FLASHEx_Erase                                 build/stm32f0xx_hal_flash_ex.o
HAL_FLASHEx_Erase_IT                              build/stm32f0xx_hal_flash_ex.o
HAL_FLASHEx_OBErase                               build/stm32f0xx_hal_flash_ex.o
HAL_FLASHEx_OBGetConfig                           build/stm32f0xx_hal_flash_ex.o
HAL_FLASHEx_OBGetUserData                         build/stm32f0xx_hal_flash_ex.o
HAL_FLASHEx_OBProgram                             build/stm32f0xx_hal_flash_ex.o
HAL_FLASH_EndOfOperationCallback                  build/stm32f0xx_hal_flash.o
HAL_FLASH_GetError                                build/stm32f0xx_hal_flash.o
HAL_FLASH_IRQHandler                              build/stm32f0xx_hal_flash.o
HAL_FLASH_Lock                                    build/stm32f0xx_hal_flash.o
HAL_FLASH_OB_Launch                               build/stm32f0xx_hal_flash.o
HAL_FLASH_OB_Lock                                 build/stm32f0xx_hal_flash.o
HAL_FLASH_OB_Unlock                               build/stm32f0xx_hal_flash.o
HAL_FLASH_OperationErrorCallback                  build/stm32f0xx_hal_flash.o
HAL_FLASH_Program                                 build/stm32f0xx_hal_flash.o
HAL_FLASH_Program_IT                              build/stm32f0xx_hal_flash.o
HAL_FLASH_Unlock                                  build/stm32f0xx_hal_flash.o
HAL_GPIO_DeInit                                   build/stm32f0xx_hal_gpio.o
                                                  build/stm32f0xx_hal_msp.o
HAL_GPIO_EXTI_Callback                            build/stm32f0xx_hal_gpio.o
HAL_GPIO_EXTI_IRQHandler                          build/stm32f0xx_hal_gpio.o
HAL_GPIO_Init                                     build/stm32f0xx_hal_gpio.o
                                                  build/stm32f0xx_hal_rcc.o
                                                  build/stm32f0xx_hal_msp.o
                                                  build/main.o
HAL_GPIO_LockPin                                  build/stm32f0xx_hal_gpio.o
HAL_GPIO_ReadPin                                  build/stm32f0xx_hal_gpio.o
HAL_GPIO_TogglePin                                build/stm32f0xx_hal_gpio.o
HAL_GPIO_WritePin                                 build/stm32f0xx_hal_gpio.o
                                                  build/main.o
HAL_GetDEVID                                      build/stm32f0xx_hal.o
HAL_GetHalVersion                                 build/stm32f0xx_hal.o
HAL_GetREVID                                      build/stm32f0xx_hal.o
HAL_GetTick                                       build/stm32f0xx_hal.o
                                                  build/stm32f0xx_hal_pcd_ex.o
                                                  build/stm32f0xx_hal_spi.o
                                                  build/stm32f0xx_hal_flash.o
                                                  build/stm32f0xx_hal_dma.o
                                                  build/stm32f0xx_hal_i2c.o
                                                  build/stm32f0xx_hal_rcc_ex.o
                                                  build/stm32f0xx_hal_rcc.o
HAL_GetTickFreq                                   build/stm32f0xx_hal.o
HAL_GetTickPrio                                   build/stm32f0xx_hal.o
HAL_GetUIDw0                                      build/stm32f0xx_hal.o
HAL_GetUIDw1                                      build/stm32f0xx_hal.o
HAL_GetUIDw2                                      build/stm32f0xx_hal.o
HAL_I2CEx_ConfigAnalogFilter                      build/stm32f0xx_hal_i2c_ex.o
                                                  build/main.o
HAL_I2CEx_ConfigDigitalFilter                     build/stm32f0xx_hal_i2c_ex.o
                                                  build/main.o
HAL_I2CEx_DisableFastModePlus                     build/stm32f0xx_hal_i2c_ex.o
HAL_I2CEx_DisableWakeUp                           build/stm32f0xx_hal_i2c_ex.o
HAL_I2CEx_EnableFastModePlus                      build/stm32f0xx_hal_i2c_ex.o
HAL_I2CEx_EnableWakeUp                            build/stm32f0xx_hal_i2c_ex.o
HAL_I2C_AbortCpltCallback                         build/stm32f0xx_hal_i2c.o
HAL_I2C_AddrCallback                              build/stm32f0xx_hal_i2c.o
HAL_I2C_DeInit                                    build/stm32f0xx_hal_i2c.o
HAL_I2C_DisableListen_IT                          build/stm32f0xx_hal_i2c.o
HAL_I2C_ER_IRQHandler                             build/stm32f0xx_hal_i2c.o
HAL_I2C_EV_IRQHandler                             build/stm32f0xx_hal_i2c.o
HAL_I2C_EnableListen_IT                           build/stm32f0xx_hal_i2c.o
HAL_I2C_ErrorCallback                             build/stm32f0xx_hal_i2c.o
HAL_I2C_GetError                                  build/stm32f0xx_hal_i2c.o
HAL_I2C_GetMode                                   build/stm32f0xx_hal_i2c.o
HAL_I2C_GetState                                  build/stm32f0xx_hal_i2c.o
HAL_I2C_Init                                      build/stm32f0xx_hal_i2c.o
                                                  build/main.o
HAL_I2C_IsDeviceReady                             build/stm32f0xx_hal_i2c.o
HAL_I2C_ListenCpltCallback                        build/stm32f0xx_hal_i2c.o
HAL_I2C_MasterRxCpltCallback                      build/stm32f0xx_hal_i2c.o
HAL_I2C_MasterTxCpltCallback                      build/stm32f0xx_hal_i2c.o
HAL_I2C_Master_Abort_IT                           build/stm32f0xx_hal_i2c.o
HAL_I2C_Master_Receive                            build/stm32f0xx_hal_i2c.o
HAL_I2C_Master_Receive_DMA                        build/stm32f0xx_hal_i2c.o
HAL_I2C_Master_Receive_IT                         build/stm32f0xx_hal_i2c.o
HAL_I2C_Master_Seq_Receive_DMA                    build/stm32f0xx_hal_i2c.o
HAL_I2C_Master_Seq_Receive_IT                     build/stm32f0xx_hal_i2c.o
HAL_I2C_Master_Seq_Transmit_DMA                   build/stm32f0xx_hal_i2c.o
HAL_I2C_Master_Seq_Transmit_IT                    build/stm32f0xx_hal_i2c.o
HAL_I2C_Master_Transmit                           build/stm32f0xx_hal_i2c.o
HAL_I2C_Master_Transmit_DMA                       build/stm32f0xx_hal_i2c.o
HAL_I2C_Master_Transmit_IT                        build/stm32f0xx_hal_i2c.o
HAL_I2C_MemRxCpltCallback                         build/stm32f0xx_hal_i2c.o
HAL_I2C_MemTxCpltCallback                         build/stm32f0xx_hal_i2c.o
HAL_I2C_Mem_Read                                  build/stm32f0xx_hal_i2c.o
HAL_I2C_Mem_Read_DMA                              build/stm32f0xx_hal_i2c.o
HAL_I2C_Mem_Read_IT                               build/stm32f0xx_hal_i2c.o
HAL_I2C_Mem_Write                                 build/stm32f0xx_hal_i2c.o
HAL_I2C_Mem_Write_DMA                             build/stm32f0xx_hal_i2c.o
HAL_I2C_Mem_Write_IT                              build/stm32f0xx_hal_i2c.o
HAL_I2C_MspDeInit                                 build/stm32f0xx_hal_msp.o
HAL_I2C_MspInit                                   build/stm32f0xx_hal_msp.o
HAL_I2C_SlaveRxCpltCallback                       build/stm32f0xx_hal_i2c.o
HAL_I2C_SlaveTxCpltCallback                       build/stm32f0xx_hal_i2c.o
HAL_I2C_Slave_Receive                             build/stm32f0xx_hal_i2c.o
HAL_I2C_Slave_Receive_DMA                         build/stm32f0xx_hal_i2c.o
HAL_I2C_Slave_Receive_IT                          build/stm32f0xx_hal_i2c.o
HAL_I2C_Slave_Seq_Receive_DMA                     build/stm32f0xx_hal_i2c.o
HAL_I2C_Slave_Seq_Receive_IT                      build/stm32f0xx_hal_i2c.o
HAL_I2C_Slave_Seq_Transmit_DMA                    build/stm32f0xx_hal_i2c.o
HAL_I2C_Slave_Seq_Transmit_IT                     build/stm32f0xx_hal_i2c.o
HAL_I2C_Slave_Transmit                            build/stm32f0xx_hal_i2c.o
HAL_I2C_Slave_Transmit_DMA                        build/stm32f0xx_hal_i2c.o
HAL_I2C_Slave_Transmit_IT                         build/stm32f0xx_hal_i2c.o
HAL_IncTick                                       build/stm32f0xx_hal.o
                                                  build/main.o
HAL_Init                                          build/stm32f0xx_hal.o
                                                  build/main.o
HAL_InitTick                                      build/stm32f0xx_hal_timebase_tim.o
                                                  build/stm32f0xx_hal_rcc.o
HAL_MspDeInit                                     build/stm32f0xx_hal.o
HAL_MspInit                                       build/stm32f0xx_hal_msp.o
HAL_NVIC_ClearPendingIRQ                          build/stm32f0xx_hal_cortex.o
HAL_NVIC_DisableIRQ                               build/stm32f0xx_hal_cortex.o
HAL_NVIC_EnableIRQ                                build/stm32f0xx_hal_cortex.o
                                                  build/stm32f0xx_hal_timebase_tim.o
HAL_NVIC_GetPendingIRQ                            build/stm32f0xx_hal_cortex.o
HAL_NVIC_GetPriority                              build/stm32f0xx_hal_cortex.o
HAL_NVIC_SetPendingIRQ                            build/stm32f0xx_hal_cortex.o
HAL_NVIC_SetPriority                              build/stm32f0xx_hal_cortex.o
                                                  build/stm32f0xx_hal.o
                                                  build/stm32f0xx_hal_timebase_tim.o
                                                  build/stm32f0xx_hal_msp.o
HAL_NVIC_SystemReset                              build/stm32f0xx_hal_cortex.o
HAL_PCDEx_ActivateBCD                             build/stm32f0xx_hal_pcd_ex.o
HAL_PCDEx_ActivateLPM                             build/stm32f0xx_hal_pcd_ex.o
                                                  build/stm32f0xx_hal_pcd.o
HAL_PCDEx_BCD_Callback                            build/stm32f0xx_hal_pcd_ex.o
HAL_PCDEx_BCD_VBUSDetect                          build/stm32f0xx_hal_pcd_ex.o
HAL_PCDEx_DeActivateBCD                           build/stm32f0xx_hal_pcd_ex.o
HAL_PCDEx_DeActivateLPM                           build/stm32f0xx_hal_pcd_ex.o
HAL_PCDEx_LPM_Callback                            build/stm32f0xx_hal_pcd_ex.o
                                                  build/stm32f0xx_hal_pcd.o
HAL_PCDEx_PMAConfig                               build/stm32f0xx_hal_pcd_ex.o
HAL_PCD_ActivateRemoteWakeup                      build/stm32f0xx_hal_pcd.o
HAL_PCD_ConnectCallback                           build/stm32f0xx_hal_pcd.o
HAL_PCD_DataInStageCallback                       build/stm32f0xx_hal_pcd.o
HAL_PCD_DataOutStageCallback                      build/stm32f0xx_hal_pcd.o
HAL_PCD_DeActivateRemoteWakeup                    build/stm32f0xx_hal_pcd.o
HAL_PCD_DeInit                                    build/stm32f0xx_hal_pcd.o
HAL_PCD_DevConnect                                build/stm32f0xx_hal_pcd.o
HAL_PCD_DevDisconnect                             build/stm32f0xx_hal_pcd.o
HAL_PCD_DisconnectCallback                        build/stm32f0xx_hal_pcd.o
HAL_PCD_EP_Abort                                  build/stm32f0xx_hal_pcd.o
HAL_PCD_EP_Close                                  build/stm32f0xx_hal_pcd.o
HAL_PCD_EP_ClrStall                               build/stm32f0xx_hal_pcd.o
HAL_PCD_EP_Flush                                  build/stm32f0xx_hal_pcd.o
HAL_PCD_EP_GetRxCount                             build/stm32f0xx_hal_pcd.o
HAL_PCD_EP_Open                                   build/stm32f0xx_hal_pcd.o
HAL_PCD_EP_Receive                                build/stm32f0xx_hal_pcd.o
HAL_PCD_EP_SetStall                               build/stm32f0xx_hal_pcd.o
HAL_PCD_EP_Transmit                               build/stm32f0xx_hal_pcd.o
HAL_PCD_GetState                                  build/stm32f0xx_hal_pcd.o
HAL_PCD_IRQHandler                                build/stm32f0xx_hal_pcd.o
HAL_PCD_ISOINIncompleteCallback                   build/stm32f0xx_hal_pcd.o
HAL_PCD_ISOOUTIncompleteCallback                  build/stm32f0xx_hal_pcd.o
HAL_PCD_Init                                      build/stm32f0xx_hal_pcd.o
                                                  build/main.o
HAL_PCD_MspDeInit                                 build/stm32f0xx_hal_msp.o
HAL_PCD_MspInit                                   build/stm32f0xx_hal_msp.o
HAL_PCD_ResetCallback                             build/stm32f0xx_hal_pcd.o
HAL_PCD_ResumeCallback                            build/stm32f0xx_hal_pcd.o
HAL_PCD_SOFCallback                               build/stm32f0xx_hal_pcd.o
HAL_PCD_SetAddress                                build/stm32f0xx_hal_pcd.o
HAL_PCD_SetupStageCallback                        build/stm32f0xx_hal_pcd.o
HAL_PCD_Start                                     build/stm32f0xx_hal_pcd.o
HAL_PCD_Stop                                      build/stm32f0xx_hal_pcd.o
HAL_PCD_SuspendCallback                           build/stm32f0xx_hal_pcd.o
HAL_PWREx_DisableVddio2Monitor                    build/stm32f0xx_hal_pwr_ex.o
HAL_PWREx_EnableVddio2Monitor                     build/stm32f0xx_hal_pwr_ex.o
HAL_PWREx_Vddio2MonitorCallback                   build/stm32f0xx_hal_pwr_ex.o
HAL_PWREx_Vddio2Monitor_IRQHandler                build/stm32f0xx_hal_pwr_ex.o
HAL_PWR_ConfigPVD                                 build/stm32f0xx_hal_pwr_ex.o
HAL_PWR_DeInit                                    build/stm32f0xx_hal_pwr.o
HAL_PWR_DisableBkUpAccess                         build/stm32f0xx_hal_pwr.o
HAL_PWR_DisablePVD                                build/stm32f0xx_hal_pwr_ex.o
HAL_PWR_DisableSEVOnPend                          build/stm32f0xx_hal_pwr.o
HAL_PWR_DisableSleepOnExit                        build/stm32f0xx_hal_pwr.o
HAL_PWR_DisableWakeUpPin                          build/stm32f0xx_hal_pwr.o
HAL_PWR_EnableBkUpAccess                          build/stm32f0xx_hal_pwr.o
HAL_PWR_EnablePVD                                 build/stm32f0xx_hal_pwr_ex.o
HAL_PWR_EnableSEVOnPend                           build/stm32f0xx_hal_pwr.o
HAL_PWR_EnableSleepOnExit                         build/stm32f0xx_hal_pwr.o
HAL_PWR_EnableWakeUpPin                           build/stm32f0xx_hal_pwr.o
HAL_PWR_EnterSLEEPMode                            build/stm32f0xx_hal_pwr.o
HAL_PWR_EnterSTANDBYMode                          build/stm32f0xx_hal_pwr.o
HAL_PWR_EnterSTOPMode                             build/stm32f0xx_hal_pwr.o
HAL_PWR_PVDCallback                               build/stm32f0xx_hal_pwr_ex.o
HAL_PWR_PVD_IRQHandler                            build/stm32f0xx_hal_pwr_ex.o
HAL_RCCEx_CRSConfig                               build/stm32f0xx_hal_rcc_ex.o
HAL_RCCEx_CRSGetSynchronizationInfo               build/stm32f0xx_hal_rcc_ex.o
HAL_RCCEx_CRSSoftwareSynchronizationGenerate      build/stm32f0xx_hal_rcc_ex.o
HAL_RCCEx_CRSWaitSynchronization                  build/stm32f0xx_hal_rcc_ex.o
HAL_RCCEx_CRS_ErrorCallback                       build/stm32f0xx_hal_rcc_ex.o
HAL_RCCEx_CRS_ExpectedSyncCallback                build/stm32f0xx_hal_rcc_ex.o
HAL_RCCEx_CRS_IRQHandler                          build/stm32f0xx_hal_rcc_ex.o
HAL_RCCEx_CRS_SyncOkCallback                      build/stm32f0xx_hal_rcc_ex.o
HAL_RCCEx_CRS_SyncWarnCallback                    build/stm32f0xx_hal_rcc_ex.o
HAL_RCCEx_GetPeriphCLKConfig                      build/stm32f0xx_hal_rcc_ex.o
HAL_RCCEx_GetPeriphCLKFreq                        build/stm32f0xx_hal_rcc_ex.o
HAL_RCCEx_PeriphCLKConfig                         build/stm32f0xx_hal_rcc_ex.o
                                                  build/main.o
HAL_RCC_CSSCallback                               build/stm32f0xx_hal_rcc.o
HAL_RCC_ClockConfig                               build/stm32f0xx_hal_rcc.o
                                                  build/main.o
HAL_RCC_DeInit                                    build/stm32f0xx_hal_rcc.o
HAL_RCC_DisableCSS                                build/stm32f0xx_hal_rcc.o
HAL_RCC_EnableCSS                                 build/stm32f0xx_hal_rcc.o
HAL_RCC_GetClockConfig                            build/stm32f0xx_hal_rcc.o
                                                  build/stm32f0xx_hal_timebase_tim.o
HAL_RCC_GetHCLKFreq                               build/stm32f0xx_hal_rcc.o
                                                  build/uartParser.o
HAL_RCC_GetOscConfig                              build/stm32f0xx_hal_rcc.o
HAL_RCC_GetPCLK1Freq                              build/stm32f0xx_hal_rcc.o
                                                  build/stm32f0xx_hal_rcc_ex.o
                                                  build/stm32f0xx_hal_timebase_tim.o
HAL_RCC_GetSysClockFreq                           build/stm32f0xx_hal_rcc.o
                                                  build/stm32f0xx_hal_rcc_ex.o
HAL_RCC_MCOConfig                                 build/stm32f0xx_hal_rcc.o
HAL_RCC_NMI_IRQHandler                            build/stm32f0xx_hal_rcc.o
HAL_RCC_OscConfig                                 build/stm32f0xx_hal_rcc.o
                                                  build/main.o
HAL_ResumeTick                                    build/stm32f0xx_hal_timebase_tim.o
HAL_SPIEx_FlushRxFifo                             build/stm32f0xx_hal_spi_ex.o
HAL_SPI_Abort                                     build/stm32f0xx_hal_spi.o
HAL_SPI_AbortCpltCallback                         build/stm32f0xx_hal_spi.o
HAL_SPI_Abort_IT                                  build/stm32f0xx_hal_spi.o
HAL_SPI_DMAPause                                  build/stm32f0xx_hal_spi.o
HAL_SPI_DMAResume                                 build/stm32f0xx_hal_spi.o
HAL_SPI_DMAStop                                   build/stm32f0xx_hal_spi.o
HAL_SPI_DeInit                                    build/stm32f0xx_hal_spi.o
HAL_SPI_ErrorCallback                             build/stm32f0xx_hal_spi.o
HAL_SPI_GetError                                  build/stm32f0xx_hal_spi.o
HAL_SPI_GetState                                  build/stm32f0xx_hal_spi.o
HAL_SPI_IRQHandler                                build/stm32f0xx_hal_spi.o
HAL_SPI_Init                                      build/stm32f0xx_hal_spi.o
                                                  build/main.o
HAL_SPI_MspDeInit                                 build/stm32f0xx_hal_msp.o
HAL_SPI_MspInit                                   build/stm32f0xx_hal_msp.o
HAL_SPI_Receive                                   build/stm32f0xx_hal_spi.o
HAL_SPI_Receive_DMA                               build/stm32f0xx_hal_spi.o
HAL_SPI_Receive_IT                                build/stm32f0xx_hal_spi.o
HAL_SPI_RxCpltCallback                            build/stm32f0xx_hal_spi.o
HAL_SPI_RxHalfCpltCallback                        build/stm32f0xx_hal_spi.o
HAL_SPI_Transmit                                  build/stm32f0xx_hal_spi.o
HAL_SPI_TransmitReceive                           build/stm32f0xx_hal_spi.o
HAL_SPI_TransmitReceive_DMA                       build/stm32f0xx_hal_spi.o
HAL_SPI_TransmitReceive_IT                        build/stm32f0xx_hal_spi.o
HAL_SPI_Transmit_DMA                              build/stm32f0xx_hal_spi.o
HAL_SPI_Transmit_IT                               build/stm32f0xx_hal_spi.o
HAL_SPI_TxCpltCallback                            build/stm32f0xx_hal_spi.o
HAL_SPI_TxHalfCpltCallback                        build/stm32f0xx_hal_spi.o
HAL_SPI_TxRxCpltCallback                          build/stm32f0xx_hal_spi.o
HAL_SPI_TxRxHalfCpltCallback                      build/stm32f0xx_hal_spi.o
HAL_SYSTICK_CLKSourceConfig                       build/stm32f0xx_hal_cortex.o
HAL_SYSTICK_Callback                              build/stm32f0xx_hal_cortex.o
HAL_SYSTICK_Config                                build/stm32f0xx_hal_cortex.o
                                                  build/stm32f0xx_hal.o
HAL_SYSTICK_IRQHandler                            build/stm32f0xx_hal_cortex.o
HAL_SetTickFreq                                   build/stm32f0xx_hal.o
HAL_SuspendTick                                   build/stm32f0xx_hal_timebase_tim.o
HAL_TIMEx_BreakCallback                           build/stm32f0xx_hal_tim_ex.o
                                                  build/stm32f0xx_hal_tim.o
HAL_TIMEx_CommutCallback                          build/stm32f0xx_hal_tim_ex.o
                                                  build/stm32f0xx_hal_tim.o
HAL_TIMEx_CommutHalfCpltCallback                  build/stm32f0xx_hal_tim_ex.o
HAL_TIMEx_ConfigBreakDeadTime                     build/stm32f0xx_hal_tim_ex.o
HAL_TIMEx_ConfigCommutEvent                       build/stm32f0xx_hal_tim_ex.o
HAL_TIMEx_ConfigCommutEvent_DMA                   build/stm32f0xx_hal_tim_ex.o
HAL_TIMEx_ConfigCommutEvent_IT                    build/stm32f0xx_hal_tim_ex.o
HAL_TIMEx_GetChannelNState                        build/stm32f0xx_hal_tim_ex.o
HAL_TIMEx_HallSensor_DeInit                       build/stm32f0xx_hal_tim_ex.o
HAL_TIMEx_HallSensor_GetState                     build/stm32f0xx_hal_tim_ex.o
HAL_TIMEx_HallSensor_Init                         build/stm32f0xx_hal_tim_ex.o
HAL_TIMEx_HallSensor_MspDeInit                    build/stm32f0xx_hal_tim_ex.o
HAL_TIMEx_HallSensor_MspInit                      build/stm32f0xx_hal_tim_ex.o
HAL_TIMEx_HallSensor_Start                        build/stm32f0xx_hal_tim_ex.o
HAL_TIMEx_HallSensor_Start_DMA                    build/stm32f0xx_hal_tim_ex.o
HAL_TIMEx_HallSensor_Start_IT                     build/stm32f0xx_hal_tim_ex.o
HAL_TIMEx_HallSensor_Stop                         build/stm32f0xx_hal_tim_ex.o
HAL_TIMEx_HallSensor_Stop_DMA                     build/stm32f0xx_hal_tim_ex.o
HAL_TIMEx_HallSensor_Stop_IT                      build/stm32f0xx_hal_tim_ex.o
HAL_TIMEx_MasterConfigSynchronization             build/stm32f0xx_hal_tim_ex.o
HAL_TIMEx_OCN_Start                               build/stm32f0xx_hal_tim_ex.o
HAL_TIMEx_OCN_Start_DMA                           build/stm32f0xx_hal_tim_ex.o
HAL_TIMEx_OCN_Start_IT                            build/stm32f0xx_hal_tim_ex.o
HAL_TIMEx_OCN_Stop                                build/stm32f0xx_hal_tim_ex.o
HAL_TIMEx_OCN_Stop_DMA                            build/stm32f0xx_hal_tim_ex.o
HAL_TIMEx_OCN_Stop_IT                             build/stm32f0xx_hal_tim_ex.o
HAL_TIMEx_OnePulseN_Start                         build/stm32f0xx_hal_tim_ex.o